Component: ARM Compiler 5.06 update 6 (build 750) Tool: armlink [4d35ed]

==============================================================================

Section Cross References

    system_stm32f4xx.o(i.SystemCoreClockUpdate) refers to system_stm32f4xx.o(.data) for SystemCoreClock
    system_stm32f4xx.o(i.SystemInit) refers to system_stm32f4xx.o(i.SetSysClock) for SetSysClock
    main.o(i.main) refers to dma_uart.o(i.DMA_UartInit) for DMA_UartInit
    main.o(i.main) refers to dma_uart.o(i.getStartBit) for getStartBit
    main.o(i.main) refers to main.o(i.startMotor) for startMotor
    main.o(i.main) refers to main.o(i.stopMotor) for stopMotor
    main.o(i.main) refers to main.o(i.pidHandle) for pidHandle
    main.o(i.main) refers to dma_uart.o(.data) for rcv_flag
    main.o(i.main) refers to encoder.o(.data) for pidFlag
    main.o(i.pidHandle) refers to encoder.o(i.getSpeed) for getSpeed
    main.o(i.pidHandle) refers to encoder.o(i.PID) for PID
    main.o(i.pidHandle) refers to dmul.o(x$fpl$dmul) for __aeabi_dmul
    main.o(i.pidHandle) refers to daddsub_clz.o(x$fpl$dadd) for __aeabi_dadd
    main.o(i.pidHandle) refers to dfix.o(x$fpl$dfix) for __aeabi_d2iz
    main.o(i.pidHandle) refers to dma_uart.o(i.DMA_UartSendRpm) for DMA_UartSendRpm
    main.o(i.pidHandle) refers to main.o(.data) for v2Prev
    main.o(i.startMotor) refers to dma_uart.o(i.convertData) for convertData
    main.o(i.startMotor) refers to pwm.o(i.PWM_config) for PWM_config
    main.o(i.startMotor) refers to pwm.o(i.PWM_set_pulse_length_right) for PWM_set_pulse_length_right
    main.o(i.startMotor) refers to pwm.o(i.PWM_set_pulse_length_left) for PWM_set_pulse_length_left
    main.o(i.startMotor) refers to encoder.o(i.encoderConfig) for encoderConfig
    main.o(i.stopMotor) refers to encoder.o(i.resetVariable) for resetVariable
    main.o(i.stopMotor) refers to pwm.o(i.PWM_set_pulse_length_right) for PWM_set_pulse_length_right
    main.o(i.stopMotor) refers to pwm.o(i.PWM_set_pulse_length_left) for PWM_set_pulse_length_left
    main.o(i.stopMotor) refers to stm32f4xx_tim.o(i.TIM_Cmd) for TIM_Cmd
    main.o(i.stopMotor) refers to main.o(.data) for v2Prev
    dma_uart.o(i.DMA1_Stream5_IRQHandler) refers to stm32f4xx_dma.o(i.DMA_ClearITPendingBit) for DMA_ClearITPendingBit
    dma_uart.o(i.DMA1_Stream5_IRQHandler) refers to stm32f4xx_dma.o(i.DMA_Cmd) for DMA_Cmd
    dma_uart.o(i.DMA1_Stream5_IRQHandler) refers to dma_uart.o(.bss) for rxbuff
    dma_uart.o(i.DMA1_Stream5_IRQHandler) refers to dma_uart.o(.data) for rcv_flag
    dma_uart.o(i.DMA_RxConfig) refers to stm32f4xx_usart.o(i.USART_DMACmd) for USART_DMACmd
    dma_uart.o(i.DMA_RxConfig) refers to stm32f4xx_rcc.o(i.RCC_AHB1PeriphClockCmd) for RCC_AHB1PeriphClockCmd
    dma_uart.o(i.DMA_RxConfig) refers to stm32f4xx_dma.o(i.DMA_Init) for DMA_Init
    dma_uart.o(i.DMA_RxConfig) refers to stm32f4xx_dma.o(i.DMA_Cmd) for DMA_Cmd
    dma_uart.o(i.DMA_RxConfig) refers to stm32f4xx_dma.o(i.DMA_ITConfig) for DMA_ITConfig
    dma_uart.o(i.DMA_RxConfig) refers to dma_uart.o(.bss) for rxbuff
    dma_uart.o(i.DMA_TxConfig) refers to stm32f4xx_usart.o(i.USART_DMACmd) for USART_DMACmd
    dma_uart.o(i.DMA_TxConfig) refers to stm32f4xx_dma.o(i.DMA_Init) for DMA_Init
    dma_uart.o(i.DMA_TxConfig) refers to stm32f4xx_dma.o(i.DMA_Cmd) for DMA_Cmd
    dma_uart.o(i.DMA_TxConfig) refers to dma_uart.o(.data) for txbuff
    dma_uart.o(i.DMA_UartInit) refers to dma_uart.o(i.UART_Config) for UART_Config
    dma_uart.o(i.DMA_UartInit) refers to dma_uart.o(i.DMA_RxConfig) for DMA_RxConfig
    dma_uart.o(i.DMA_UartInit) refers to dma_uart.o(i.DMA_TxConfig) for DMA_TxConfig
    dma_uart.o(i.DMA_UartInit) refers to dma_uart.o(i.NVIC_Config) for NVIC_Config
    dma_uart.o(i.DMA_UartSend) refers to stm32f4xx_dma.o(i.DMA_ClearFlag) for DMA_ClearFlag
    dma_uart.o(i.DMA_UartSend) refers to stm32f4xx_dma.o(i.DMA_Cmd) for DMA_Cmd
    dma_uart.o(i.DMA_UartSend) refers to dma_uart.o(.data) for txbuff
    dma_uart.o(i.DMA_UartSendRpm) refers to dma_uart.o(i.DMA_UartSend) for DMA_UartSend
    dma_uart.o(i.NVIC_Config) refers to misc.o(i.NVIC_Init) for NVIC_Init
    dma_uart.o(i.UART_Config) refers to stm32f4xx_rcc.o(i.RCC_AHB1PeriphClockCmd) for RCC_AHB1PeriphClockCmd
    dma_uart.o(i.UART_Config) refers to stm32f4xx_rcc.o(i.RCC_APB1PeriphClockCmd) for RCC_APB1PeriphClockCmd
    dma_uart.o(i.UART_Config) refers to stm32f4xx_gpio.o(i.GPIO_PinAFConfig) for GPIO_PinAFConfig
    dma_uart.o(i.UART_Config) refers to stm32f4xx_gpio.o(i.GPIO_Init) for GPIO_Init
    dma_uart.o(i.UART_Config) refers to stm32f4xx_usart.o(i.USART_Init) for USART_Init
    dma_uart.o(i.UART_Config) refers to stm32f4xx_usart.o(i.USART_Cmd) for USART_Cmd
    dma_uart.o(i.convertData) refers to dma_uart.o(i.stringToFloat) for stringToFloat
    dma_uart.o(i.convertData) refers to rt_memcpy_w.o(.text) for __aeabi_memcpy4
    dma_uart.o(i.convertData) refers to dma_uart.o(.bss) for rawData
    dma_uart.o(i.getStartBit) refers to dma_uart.o(.bss) for rawData
[...]
    .ARM.Collect$$libinit$$00000021          0x0800021e   Section        0  libinit2.o(.ARM.Collect$$libinit$$00000021)
    .ARM.Collect$$libinit$$00000023          0x0800021e   Section        0  libinit2.o(.ARM.Collect$$libinit$$00000023)
    .ARM.Collect$$libinit$$00000025          0x0800021e   Section        0  libinit2.o(.ARM.Collect$$libinit$$00000025)
    .ARM.Collect$$libinit$$0000002C          0x0800021e   Section        0  libinit2.o(.ARM.Collect$$libinit$$0000002C)
    .ARM.Collect$$libinit$$0000002E          0x0800021e   Section        0  libinit2.o(.ARM.Collect$$libinit$$0000002E)
    .ARM.Collect$$libinit$$00000030          0x0800021e   Section        0  libinit2.o(.ARM.Collect$$libinit$$00000030)
    .ARM.Collect$$libinit$$00000032          0x0800021e   Section        0  libinit2.o(.ARM.Collect$$libinit$$00000032)
    .ARM.Collect$$libinit$$00000033          0x0800021e   Section        2  libinit2.o(.ARM.Collect$$libinit$$00000033)
    .ARM.Collect$$libshutdown$$00000000      0x08000220   Section        2  libshutdown.o(.ARM.Collect$$libshutdown$$00000000)
    .ARM.Collect$$libshutdown$$00000002      0x08000222   Section        0  libshutdown2.o(.ARM.Collect$$libshutdown$$00000002)
    .ARM.Collect$$libshutdown$$00000004      0x08000222   Section        0  libshutdown2.o(.ARM.Collect$$libshutdown$$00000004)
    .ARM.Collect$$libshutdown$$00000007      0x08000222   Section        0  libshutdown2.o(.ARM.Collect$$libshutdown$$00000007)
    .ARM.Collect$$libshutdown$$0000000A      0x08000222   Section        0  libshutdown2.o(.ARM.Collect$$libshutdown$$0000000A)
    .ARM.Collect$$libshutdown$$0000000C      0x08000222   Section        0  libshutdown2.o(.ARM.Collect$$libshutdown$$0000000C)
    .ARM.Collect$$libshutdown$$0000000F      0x08000222   Section        0  libshutdown2.o(.ARM.Collect$$libshutdown$$0000000F)
    .ARM.Collect$$libshutdown$$00000010      0x08000222   Section        2  libshutdown2.o(.ARM.Collect$$libshutdown$$00000010)
    .ARM.Collect$$rtentry$$00000000          0x08000224   Section        0  __rtentry.o(.ARM.Collect$$rtentry$$00000000)
    .ARM.Collect$$rtentry$$00000002          0x08000224   Section        0  __rtentry2.o(.ARM.Collect$$rtentry$$00000002)
    .ARM.Collect$$rtentry$$00000004          0x08000224   Section        6  __rtentry4.o(.ARM.Collect$$rtentry$$00000004)
    .ARM.Collect$$rtentry$$00000009          0x0800022a   Section        0  __rtentry2.o(.ARM.Collect$$rtentry$$00000009)
    .ARM.Collect$$rtentry$$0000000A          0x0800022a   Section        4  __rtentry2.o(.ARM.Collect$$rtentry$$0000000A)
    .ARM.Collect$$rtentry$$0000000C          0x0800022e   Section        0  __rtentry2.o(.ARM.Collect$$rtentry$$0000000C)
    .ARM.Collect$$rtentry$$0000000D          0x0800022e   Section        8  __rtentry2.o(.ARM.Collect$$rtentry$$0000000D)
    .ARM.Collect$$rtexit$$00000000           0x08000236   Section        2  rtexit.o(.ARM.Collect$$rtexit$$00000000)
    .ARM.Collect$$rtexit$$00000002           0x08000238   Section        0  rtexit2.o(.ARM.Collect$$rtexit$$00000002)
    .ARM.Collect$$rtexit$$00000003           0x08000238   Section        4  rtexit2.o(.ARM.Collect$$rtexit$$00000003)
    .ARM.Collect$$rtexit$$00000004           0x0800023c   Section        6  rtexit2.o(.ARM.Collect$$rtexit$$00000004)
    .text                                    0x08000244   Section       64  startup_stm32f40xx.o(.text)
    $v0                                      0x08000244   Number         0  startup_stm32f40xx.o(.text)
    .text                                    0x08000284   Section        0  __0sscanf.o(.text)
    .text                                    0x080002c0   Section      100  rt_memcpy_w.o(.text)
    .text                                    0x08000324   Section        0  heapauxi.o(.text)
    .text                                    0x0800032c   Section        0  scanf_fp.o(.text)
    _fp_value                                0x0800032d   Thumb Code   588  scanf_fp.o(.text)
    .text                                    0x08000824   Section        0  scanf_char.o(.text)
    _scanf_char_input                        0x08000825   Thumb Code    12  scanf_char.o(.text)
    .text                                    0x08000850   Section        0  _sgetc.o(.text)
    .text                                    0x08000890   Section        8  rt_locale_intlibspace.o(.text)
    .text                                    0x08000898   Section        8  rt_errno_addr_intlibspace.o(.text)
    .text                                    0x080008a0   Section        0  isspace.o(.text)
    .text                                    0x080008b4   Section        0  _scanf.o(.text)
    .text                                    0x08000c28   Section        0  bigflt0.o(.text)
    .text                                    0x08000d0c   Section        8  libspace.o(.text)
    .text                                    0x08000d14   Section       74  sys_stackheap_outer.o(.text)
    .text                                    0x08000d60   Section       16  rt_ctype_table.o(.text)
    .text                                    0x08000d70   Section        0  _rserrno.o(.text)
    .text                                    0x08000d88   Section        0  scanf_hexfp.o(.text)
    .text                                    0x080010a8   Section        0  scanf_infnan.o(.text)
    .text                                    0x080011dc   Section        0  exit.o(.text)
    .text                                    0x080011f0   Section      128  strcmpv7m.o(.text)
    .text                                    0x08001270   Section       38  llshl.o(.text)
    .text                                    0x08001296   Section        0  _chval.o(.text)
    .text                                    0x080012b4   Section        0  sys_exit.o(.text)
    .text                                    0x080012c0   Section        2  use_no_semi.o(.text)
    .text                                    0x080012c2   Section        0  indicate_semi.o(.text)
    CL$$btod_div_common                      0x080012c2   Section      824  btod.o(CL$$btod_div_common)
    CL$$btod_e2d                             0x080015fc   Section      132  btod.o(CL$$btod_e2d)
    CL$$btod_e2e                             0x08001680   Section      220  btod.o(CL$$btod_e2e)
    CL$$btod_ediv                            0x0800175c   Section       42  btod.o(CL$$btod_ediv)
    CL$$btod_edivd                           0x08001786   Section       42  btod.o(CL$$btod_edivd)
    CL$$btod_emul                            0x080017b0   Section       42  btod.o(CL$$btod_emul)
    CL$$btod_emuld                           0x080017da   Section       42  btod.o(CL$$btod_emuld)
    CL$$btod_mult_common                     0x08001804   Section      580  btod.o(CL$$btod_mult_common)
    i.BusFault_Handler                       0x08001a48   Section        0  stm32f4xx_it.o(i.BusFault_Handler)
    i.DMA1_Stream5_IRQHandler                0x08001a4c   Section        0  dma_uart.o(i.DMA1_Stream5_IRQHandler)
    i.DMA_ClearFlag                          0x08001a90   Section        0  stm32f4xx_dma.o(i.DMA_ClearFlag)
    i.DMA_ClearITPendingBit                  0x08001ac4   Section        0  stm32f4xx_dma.o(i.DMA_ClearITPendingBit)
    i.DMA_Cmd                                0x08001af8   Section        0  stm32f4xx_dma.o(i.DMA_Cmd)
    i.DMA_ITConfig                           0x08001b0e   Section        0  stm32f4xx_dma.o(i.DMA_ITConfig)
    i.DMA_Init                               0x08001b48   Section        0  stm32f4xx_dma.o(i.DMA_Init)
    i.DMA_RxConfig                           0x08001ba0   Section        0  dma_uart.o(i.DMA_RxConfig)
    i.DMA_TxConfig                           0x08001c20   Section        0  dma_uart.o(i.DMA_TxConfig)
    i.DMA_UartInit                           0x08001c8c   Section        0  dma_uart.o(i.DMA_UartInit)
    i.DMA_UartSend                           0x08001ca0   Section        0  dma_uart.o(i.DMA_UartSend)
    i.DMA_UartSendRpm                        0x08001cdc   Section        0  dma_uart.o(i.DMA_UartSendRpm)
    i.DebugMon_Handler                       0x08001d3a   Section        0  stm32f4xx_it.o(i.DebugMon_Handler)
    i.Encoder_Config                         0x08001d3c   Section        0  encoder.o(i.Encoder_Config)
    i.GPIO_Init                              0x08001df8   Section        0  stm32f4xx_gpio.o(i.GPIO_Init)
    i.GPIO_Init_output                       0x08001e88   Section        0  pwm.o(i.GPIO_Init_output)
    i.GPIO_PinAFConfig                       0x08001edc   Section        0  stm32f4xx_gpio.o(i.GPIO_PinAFConfig)
    i.HardFault_Handler                      0x08001f22   Section        0  stm32f4xx_it.o(i.HardFault_Handler)
    i.MemManage_Handler                      0x08001f26   Section        0  stm32f4xx_it.o(i.MemManage_Handler)
    i.NMI_Handler                            0x08001f2a   Section        0  stm32f4xx_it.o(i.NMI_Handler)
    i.NVIC_Config                            0x08001f2c   Section        0  dma_uart.o(i.NVIC_Config)
    i.NVIC_Init                              0x08001f4c   Section        0  misc.o(i.NVIC_Init)
    i.NVIC_PriorityGroupConfig               0x08001fc4   Section        0  misc.o(i.NVIC_PriorityGroupConfig)
    i.PID                                    0x08001fd8   Section        0  encoder.o(i.PID)
    i.PWM_Init                               0x080022e4   Section        0  pwm.o(i.PWM_Init)
    i.PWM_config                             0x08002328   Section        0  pwm.o(i.PWM_config)
    i.PWM_set_pulse_length_left              0x0800233c   Section        0  pwm.o(i.PWM_set_pulse_length_left)
    i.PWM_set_pulse_length_right             0x08002380   Section        0  pwm.o(i.PWM_set_pulse_length_right)
    i.PendSV_Handler                         0x080023c4   Section        0  stm32f4xx_it.o(i.PendSV_Handler)
    i.RCC_AHB1PeriphClockCmd                 0x080023c8   Section        0  stm32f4xx_rcc.o(i.RCC_AHB1PeriphClockCmd)
    i.RCC_APB1PeriphClockCmd                 0x080023e8   Section        0  stm32f4xx_rcc.o(i.RCC_APB1PeriphClockCmd)
    i.RCC_APB1PeriphResetCmd                 0x08002408   Section        0  stm32f4xx_rcc.o(i.RCC_APB1PeriphResetCmd)
    i.RCC_APB2PeriphResetCmd                 0x08002428   Section        0  stm32f4xx_rcc.o(i.RCC_APB2PeriphResetCmd)
    i.RCC_GetClocksFreq                      0x08002448   Section        0  stm32f4xx_rcc.o(i.RCC_GetClocksFreq)
    i.SVC_Handler                            0x08002610   Section        0  stm32f4xx_it.o(i.SVC_Handler)
    i.SetSysClock                            0x08002614   Section        0  system_stm32f4xx.o(i.SetSysClock)
    SetSysClock                              0x08002615   Thumb Code   220  system_stm32f4xx.o(i.SetSysClock)
    i.SysTick_Handler                        0x08002700   Section        0  stm32f4xx_it.o(i.SysTick_Handler)
    i.SystemInit                             0x08002704   Section        0  system_stm32f4xx.o(i.SystemInit)
    i.TIM4_IRQHandler                        0x0800276c   Section        0  encoder.o(i.TIM4_IRQHandler)
    i.TIMER_Init                             0x08002858   Section        0  pwm.o(i.TIMER_Init)
    i.TIM_ClearFlag                          0x080028a8   Section        0  stm32f4xx_tim.o(i.TIM_ClearFlag)
    i.TIM_ClearITPendingBit                  0x080028ae   Section        0  stm32f4xx_tim.o(i.TIM_ClearITPendingBit)
    i.TIM_Cmd                                0x080028b4   Section        0  stm32f4xx_tim.o(i.TIM_Cmd)
    i.TIM_DeInit                             0x080028cc   Section        0  stm32f4xx_tim.o(i.TIM_DeInit)
    i.TIM_EncoderInterfaceConfig             0x08002a5c   Section        0  stm32f4xx_tim.o(i.TIM_EncoderInterfaceConfig)
    i.TIM_GetITStatus                        0x08002a9e   Section        0  stm32f4xx_tim.o(i.TIM_GetITStatus)
    i.TIM_ITConfig                           0x08002ac0   Section        0  stm32f4xx_tim.o(i.TIM_ITConfig)
    i.TIM_OC1Init                            0x08002ad4   Section        0  stm32f4xx_tim.o(i.TIM_OC1Init)
    i.TIM_OC1PreloadConfig                   0x08002b50   Section        0  stm32f4xx_tim.o(i.TIM_OC1PreloadConfig)
    i.TIM_OC2Init                            0x08002b64   Section        0  stm32f4xx_tim.o(i.TIM_OC2Init)
    i.TIM_OC2PreloadConfig                   0x08002c08   Section        0  stm32f4xx_tim.o(i.TIM_OC2PreloadConfig)
    i.TIM_SetAutoreload                      0x08002c22   Section        0  stm32f4xx_tim.o(i.TIM_SetAutoreload)
    i.TIM_TimeBaseInit                       0x08002c28   Section        0  stm32f4xx_tim.o(i.TIM_TimeBaseInit)
    i.Timer4_Config                          0x08002cac   Section        0  encoder.o(i.Timer4_Config)
    i.UART_Config                            0x08002d44   Section        0  dma_uart.o(i.UART_Config)
    i.USART_Cmd                              0x08002ddc   Section        0  stm32f4xx_usart.o(i.USART_Cmd)
    i.USART_DMACmd                           0x08002df4   Section        0  stm32f4xx_usart.o(i.USART_DMACmd)
    i.USART_Init                             0x08002e08   Section        0  stm32f4xx_usart.o(i.USART_Init)
    i.UsageFault_Handler                     0x08002edc   Section        0  stm32f4xx_it.o(i.UsageFault_Handler)
    i.__hardfp___mathlib_tofloat             0x08002ee0   Section        0  narrow.o(i.__hardfp___mathlib_tofloat)
    i.__hardfp_ldexp                         0x08002fd8   Section        0  ldexp.o(i.__hardfp_ldexp)
    i.__mathlib_dbl_overflow                 0x080030a8   Section        0  dunder.o(i.__mathlib_dbl_overflow)
    i.__mathlib_dbl_underflow                0x080030c8   Section        0  dunder.o(i.__mathlib_dbl_underflow)
    i.__mathlib_narrow                       0x080030e8   Section        0  narrow.o(i.__mathlib_narrow)
    i.__support_ldexp                        0x080030fa   Section        0  ldexp.o(i.__support_ldexp)
    i._is_digit                              0x0800310e   Section        0  scanf_fp.o(i._is_digit)
    i.convertData                            0x0800311c   Section        0  dma_uart.o(i.convertData)
    i.encoderConfig                          0x08003190   Section        0  encoder.o(i.encoderConfig)
    i.frexp                                  0x080031e8   Section        0  frexp.o(i.frexp)
    i.getSpeed                               0x08003274   Section        0  encoder.o(i.getSpeed)
    i.getStartBit                            0x080032a0   Section        0  dma_uart.o(i.getStartBit)
    i.main                                   0x080032b0   Section        0  main.o(i.main)
    i.pidHandle                              0x080032f4   Section        0  main.o(i.pidHandle)
    i.resetVariable                          0x080033a4   Section        0  encoder.o(i.resetVariable)
    i.startMotor                             0x080033e8   Section        0  main.o(i.startMotor)
    i.stopMotor                              0x0800342c   Section        0  main.o(i.stopMotor)
    i.stringToFloat                          0x08003484   Section        0  dma_uart.o(i.stringToFloat)
    locale$$code                             0x080034b4   Section       44  lc_numeric_c.o(locale$$code)
    locale$$code                             0x080034e0   Section       44  lc_ctype_c.o(locale$$code)
    x$fpl$d2f                                0x0800350c   Section       98  d2f.o(x$fpl$d2f)
    $v0                                      0x0800350c   Number         0  d2f.o(x$fpl$d2f)
    x$fpl$dadd                               0x08003570   Section      336  daddsub_clz.o(x$fpl$dadd)
    $v0                                      0x08003570   Number         0  daddsub_clz.o(x$fpl$dadd)
    _dadd1                                   0x08003581   Thumb Code     0  daddsub_clz.o(x$fpl$dadd)
    x$fpl$dcheck1                            0x080036c0   Section       16  dcheck1.o(x$fpl$dcheck1)
    $v0                                      0x080036c0   Number         0  dcheck1.o(x$fpl$dcheck1)
    x$fpl$dcmpinf                            0x080036d0   Section       24  dcmpi.o(x$fpl$dcmpinf)
    $v0                                      0x080036d0   Number         0  dcmpi.o(x$fpl$dcmpinf)
    x$fpl$ddiv                               0x080036e8   Section      688  ddiv.o(x$fpl$ddiv)
    $v0                                      0x080036e8   Number         0  ddiv.o(x$fpl$ddiv)
    ddiv_entry                               0x080036ef   Thumb Code     0  ddiv.o(x$fpl$ddiv)
    x$fpl$deqf                               0x08003998   Section      120  deqf.o(x$fpl$deqf)
    $v0                                      0x08003998   Number         0  deqf.o(x$fpl$deqf)
    x$fpl$dfix                               0x08003a10   Section       94  dfix.o(x$fpl$dfix)
    $v0                                      0x08003a10   Number         0  dfix.o(x$fpl$dfix)
    x$fpl$dflt                               0x08003a6e   Section       46  dflt_clz.o(x$fpl$dflt)
    $v0                                      0x08003a6e   Number         0  dflt_clz.o(x$fpl$dflt)
    x$fpl$dfltu                              0x08003a9c   Section       38  dflt_clz.o(x$fpl$dfltu)
    $v0                                      0x08003a9c   Number         0  dflt_clz.o(x$fpl$dfltu)
    x$fpl$dleqf                              0x08003ac4   Section      120  dleqf.o(x$fpl$dleqf)
    $v0                                      0x08003ac4   Number         0  dleqf.o(x$fpl$dleqf)
    x$fpl$dmul                               0x08003b3c   Section      340  dmul.o(x$fpl$dmul)
    $v0                                      0x08003b3c   Number         0  dmul.o(x$fpl$dmul)
    x$fpl$dnaninf                            0x08003c90   Section      156  dnaninf.o(x$fpl$dnaninf)
    $v0                                      0x08003c90   Number         0  dnaninf.o(x$fpl$dnaninf)
    x$fpl$dretinf                            0x08003d2c   Section       12  dretinf.o(x$fpl$dretinf)
    $v0                                      0x08003d2c   Number         0  dretinf.o(x$fpl$dretinf)
    x$fpl$drleqf                             0x08003d38   Section      108  drleqf.o(x$fpl$drleqf)
    $v0                                      0x08003d38   Number         0  drleqf.o(x$fpl$drleqf)
    x$fpl$drsb                               0x08003da4   Section       22  daddsub_clz.o(x$fpl$drsb)
    $v0                                      0x08003da4   Number         0  daddsub_clz.o(x$fpl$drsb)
    x$fpl$dsub                               0x08003dbc   Section      468  daddsub_clz.o(x$fpl$dsub)
    $v0                                      0x08003dbc   Number         0  daddsub_clz.o(x$fpl$dsub)
    _dsub1                                   0x08003dcd   Thumb Code     0  daddsub_clz.o(x$fpl$dsub)
    x$fpl$f2d                                0x08003f90   Section       86  f2d.o(x$fpl$f2d)
    $v0                                      0x08003f90   Number         0  f2d.o(x$fpl$f2d)
    x$fpl$fnaninf                            0x08003fe6   Section      140  fnaninf.o(x$fpl$fnaninf)
    $v0                                      0x08003fe6   Number         0  fnaninf.o(x$fpl$fnaninf)
    x$fpl$fpinit                             0x08004072   Section       10  fpinit.o(x$fpl$fpinit)
    $v0                                      0x08004072   Number         0  fpinit.o(x$fpl$fpinit)
    x$fpl$fretinf                            0x0800407c   Section       10  fretinf.o(x$fpl$fretinf)
    $v0                                      0x0800407c   Number         0  fretinf.o(x$fpl$fretinf)
    x$fpl$ieeestatus                         0x08004086   Section        6  istatus.o(x$fpl$ieeestatus)
    $v0                                      0x08004086   Number         0  istatus.o(x$fpl$ieeestatus)
    x$fpl$retnan                             0x0800408c   Section      100  retnan.o(x$fpl$retnan)
    $v0                                      0x0800408c   Number         0  retnan.o(x$fpl$retnan)
    x$fpl$scalbn                             0x080040f0   Section       92  scalbn.o(x$fpl$scalbn)
    $v0                                      0x080040f0   Number         0  scalbn.o(x$fpl$scalbn)
    x$fpl$scanf1                             0x0800414c   Section        4  scanf1.o(x$fpl$scanf1)
    $v0                                      0x0800414c   Number         0  scanf1.o(x$fpl$scanf1)
    x$fpl$scanf2                             0x08004150   Section        8  scanf2.o(x$fpl$scanf2)
    $v0                                      0x08004150   Number         0  scanf2.o(x$fpl$scanf2)
    x$fpl$trapveneer                         0x08004158   Section       48  trapv.o(x$fpl$trapveneer)
    $v0                                      0x08004158   Number         0  trapv.o(x$fpl$trapveneer)
    .constdata                               0x08004188   Section      148  bigflt0.o(.constdata)
    x$fpl$usenofp                            0x08004188   Section        0  usenofp.o(x$fpl$usenofp)
    tenpwrs_x                                0x08004188   Data          60  bigflt0.o(.constdata)
    tenpwrs_i                                0x080041c4   Data          64  bigflt0.o(.constdata)
    c$$dinf                                  0x0800423c   Section        8  fpconst.o(c$$dinf)
    c$$dmax                                  0x08004244   Section        8  fpconst.o(c$$dmax)
    locale$$data                             0x0800424c   Section       28  lc_numeric_c.o(locale$$data)
    __lcnum_c_name                           0x08004250   Data           2  lc_numeric_c.o(locale$$data)
    __lcnum_c_start                          0x08004258   Data           0  lc_numeric_c.o(locale$$data)
    __lcnum_c_point                          0x08004264   Data           0  lc_numeric_c.o(locale$$data)
    __lcnum_c_thousands                      0x08004266   Data           0  lc_numeric_c.o(locale$$data)
    __lcnum_c_grouping                       0x08004267   Data           0  lc_numeric_c.o(locale$$data)
    locale$$data                             0x08004268   Section      272  lc_ctype_c.o(locale$$data)
    __lcnum_c_end                            0x08004268   Data           0  lc_numeric_c.o(locale$$data)
    __lcctype_c_name                         0x0800426c   Data           2  lc_ctype_c.o(locale$$data)
    __lcctype_c_start                        0x08004274   Data           0  lc_ctype_c.o(locale$$data)
    __lcctype_c_end                          0x08004378   Data           0  lc_ctype_c.o(locale$$data)
    .data                                    0x20000000   Section       20  system_stm32f4xx.o(.data)
    .data                                    0x20000018   Section       16  main.o(.data)
    .data                                    0x20000028   Section        6  dma_uart.o(.data)
    txbuff                                   0x20000028   Data           5  dma_uart.o(.data)
    .data                                    0x2000002e   Section        2  pwm.o(.data)
    TIM_Period                               0x2000002e   Data           2  pwm.o(.data)
    .data                                    0x20000030   Section       95  encoder.o(.data)
    P                                        0x20000030   Data           8  encoder.o(.data)
    I                                        0x20000038   Data           8  encoder.o(.data)
    D                                        0x20000040   Data           8  encoder.o(.data)
    err                                      0x20000048   Data           8  encoder.o(.data)
    pre_err                                  0x20000050   Data           8  encoder.o(.data)
    pre_pre_err                              0x20000058   Data           8  encoder.o(.data)
    out                                      0x20000060   Data           8  encoder.o(.data)
    f_Kp                                     0x20000068   Data           4  encoder.o(.data)
    f_Ki                                     0x2000006c   Data           4  encoder.o(.data)
    f_Kd                                     0x20000070   Data           4  encoder.o(.data)
    f_setPoint                               0x20000074   Data           4  encoder.o(.data)
    .data                                    0x2000008f   Section       16  stm32f4xx_rcc.o(.data)
    APBAHBPrescTable                         0x2000008f   Data          16  stm32f4xx_rcc.o(.data)
    .bss                                     0x200000a0   Section       48  dma_uart.o(.bss)
    rxbuff                                   0x200000a0   Data          24  dma_uart.o(.bss)
    rawData                                  0x200000b8   Data          24  dma_uart.o(.bss)
    .bss                                     0x200000d0   Section       96  libspace.o(.bss)
    HEAP                                     0x20000130   Section      512  startup_stm32f40xx.o(HEAP)
    Heap_Mem                                 0x20000130   Data         512  startup_stm32f40xx.o(HEAP)
    STACK                                    0x20000330   Section     1024  startup_stm32f40xx.o(STACK)
    Stack_Mem                                0x20000330   Data        1024  startup_stm32f40xx.o(STACK)
    __initial_sp                             0x20000730   Data           0  startup_stm32f40xx.o(STACK)

    Global Symbols

    Symbol Name                              Value     Ov Type        Size  Object(Section)

    BuildAttributes$$THM_ISAv4$E$P$D$K$B$S$7EM$VFPi3$EXTD16$VFPS$VFMA$PE$A:L22UL41UL21$X:L11$S22US41US21$IEEE1$IW$USESV6$~STKCKD$USESV7$~SHL$OTIME$ROPI$IEEEX$EBA8$UX$STANDARDLIB$REQ8$PRES8$EABIv2 0x00000000   Number         0  anon$$obj.o ABSOLUTE
    __ARM_use_no_argv                        0x00000000   Number         0  main.o ABSOLUTE
    __ARM_exceptions_init                     - Undefined Weak Reference
    __alloca_initialize                       - Undefined Weak Reference
    __arm_preinit_                            - Undefined Weak Reference
    __cpp_initialize__aeabi_                  - Undefined Weak Reference
    __cxa_finalize                            - Undefined Weak Reference
    __sigvec_lookup                           - Undefined Weak Reference
    _atexit_init                              - Undefined Weak Reference
    _call_atexit_fns                          - Undefined Weak Reference
    _clock_init                               - Undefined Weak Reference
    _fp_trap_init                             - Undefined Weak Reference
    _fp_trap_shutdown                         - Undefined Weak Reference
    _get_lc_collate                           - Undefined Weak Reference
    _get_lc_monetary                          - Undefined Weak Reference
    _get_lc_time                              - Undefined Weak Reference
    _getenv_init                              - Undefined Weak Reference
    _handle_redirection                       - Undefined Weak Reference
    _init_alloc                               - Undefined Weak Reference
    _init_user_alloc                          - Undefined Weak Reference
    _initio                                   - Undefined Weak Reference
    _rand_init                                - Undefined Weak Reference
    _scanf_int                                - Undefined Weak Reference
    _scanf_longlong                           - Undefined Weak Reference
    _scanf_mbtowc                             - Undefined Weak Reference
    _scanf_string                             - Undefined Weak Reference
    _scanf_wctomb                             - Undefined Weak Reference
    _scanf_wstring                            - Undefined Weak Reference
    _signal_finish                            - Undefined Weak Reference
    _signal_init                              - Undefined Weak Reference
    _terminate_alloc                          - Undefined Weak Reference
    _terminate_user_alloc                     - Undefined Weak Reference
    _terminateio                              - Undefined Weak Reference
    __Vectors_Size                           0x00000188   Number         0  startup_stm32f40xx.o ABSOLUTE
    __Vectors                                0x08000000   Data           4  startup_stm32f40xx.o(RESET)
    __Vectors_End                            0x08000188   Data           0  startup_stm32f40xx.o(RESET)
    __main                                   0x08000189   Thumb Code     8  __main.o(!!!main)
    __scatterload                            0x08000191   Thumb Code     0  __scatter.o(!!!scatter)
    __scatterload_rt2                        0x08000191   Thumb Code    44  __scatter.o(!!!scatter)
    __scatterload_rt2_thumb_only             0x08000191   Thumb Code     0  __scatter.o(!!!scatter)
    __scatterload_null                       0x0800019f   Thumb Code     0  __scatter.o(!!!scatter)
    __scatterload_copy                       0x080001c5   Thumb Code    26  __scatter_copy.o(!!handler_copy)
    __scatterload_zeroinit                   0x080001e1   Thumb Code    28  __scatter_zi.o(!!handler_zi)
    __rt_lib_init                            0x080001fd   Thumb Code     0  libinit.o(.ARM.Collect$$libinit$$00000000)
    __rt_lib_init_fp_1                       0x080001ff   Thumb Code     0  libinit2.o(.ARM.Collect$$libinit$$00000001)
    __rt_lib_init_heap_1                     0x08000203   Thumb Code     0  libinit2.o(.ARM.Collect$$libinit$$0000000A)
    __rt_lib_init_lc_common                  0x08000203   Thumb Code     0  libinit2.o(.ARM.Collect$$libinit$$0000000F)
    __rt_lib_init_preinit_1                  0x08000203   Thumb Code     0  libinit2.o(.ARM.Collect$$libinit$$00000004)
    __rt_lib_init_rand_1                     0x08000203   Thumb Code     0  libinit2.o(.ARM.Collect$$libinit$$0000000E)
    __rt_lib_init_user_alloc_1               0x08000203   Thumb Code     0  libinit2.o(.ARM.Collect$$libinit$$0000000C)
    __rt_lib_init_lc_collate_1               0x08000209   Thumb Code     0  libinit2.o(.ARM.Collect$$libinit$$00000011)
    __rt_lib_init_lc_ctype_2                 0x08000209   Thumb Code     0  libinit2.o(.ARM.Collect$$libinit$$00000012)
    __rt_lib_init_lc_ctype_1                 0x08000215   Thumb Code     0  libinit2.o(.ARM.Collect$$libinit$$00000013)
    __rt_lib_init_lc_monetary_1              0x08000215   Thumb Code     0  libinit2.o(.ARM.Collect$$libinit$$00000015)
    __rt_lib_init_lc_numeric_2               0x08000215   Thumb Code     0  libinit2.o(.ARM.Collect$$libinit$$00000016)
    __rt_lib_init_alloca_1                   0x0800021f   Thumb Code     0  libinit2.o(.ARM.Collect$$libinit$$0000002E)
    __rt_lib_init_argv_1                     0x0800021f   Thumb Code     0  libinit2.o(.ARM.Collect$$libinit$$0000002C)
    __rt_lib_init_atexit_1                   0x0800021f   Thumb Code     0  libinit2.o(.ARM.Collect$$libinit$$0000001B)
    __rt_lib_init_clock_1                    0x0800021f   Thumb Code     0  libinit2.o(.ARM.Collect$$libinit$$00000021)
    __rt_lib_init_cpp_1                      0x0800021f   Thumb Code     0  libinit2.o(.ARM.Collect$$libinit$$00000032)
    __rt_lib_init_exceptions_1               0x0800021f   Thumb Code     0  libinit2.o(.ARM.Collect$$libinit$$00000030)
    __rt_lib_init_fp_trap_1                  0x0800021f   Thumb Code     0  libinit2.o(.ARM.Collect$$libinit$$0000001F)
    __rt_lib_init_getenv_1                   0x0800021f   Thumb Code     0  libinit2.o(.ARM.Collect$$libinit$$00000023)
    __rt_lib_init_lc_numeric_1               0x0800021f   Thumb Code     0  libinit2.o(.ARM.Collect$$libinit$$00000017)
    __rt_lib_init_lc_time_1                  0x0800021f   Thumb Code     0  libinit2.o(.ARM.Collect$$libinit$$00000019)
    __rt_lib_init_return                     0x0800021f   Thumb Code     0  libinit2.o(.ARM.Collect$$libinit$$00000033)
    __rt_lib_init_signal_1                   0x0800021f   Thumb Code     0  libinit2.o(.ARM.Collect$$libinit$$0000001D)
    __rt_lib_init_stdio_1                    0x0800021f   Thumb Code     0  libinit2.o(.ARM.Collect$$libinit$$00000025)
    __rt_lib_shutdown                        0x08000221   Thumb Code     0  libshutdown.o(.ARM.Collect$$libshutdown$$00000000)
    __rt_lib_shutdown_cpp_1                  0x08000223   Thumb Code     0  libshutdown2.o(.ARM.Collect$$libshutdown$$00000002)
    __rt_lib_shutdown_fp_trap_1              0x08000223   Thumb Code     0  libshutdown2.o(.ARM.Collect$$libshutdown$$00000007)
    __rt_lib_shutdown_heap_1                 0x08000223   Thumb Code     0  libshutdown2.o(.ARM.Collect$$libshutdown$$0000000F)
    __rt_lib_shutdown_return                 0x08000223   Thumb Code     0  libshutdown2.o(.ARM.Collect$$libshutdown$$00000010)
    __rt_lib_shutdown_signal_1               0x08000223   Thumb Code     0  libshutdown2.o(.ARM.Collect$$libshutdown$$0000000A)
    __rt_lib_shutdown_stdio_1                0x08000223   Thumb Code     0  libshutdown2.o(.ARM.Collect$$libshutdown$$00000004)
    __rt_lib_shutdown_user_alloc_1           0x08000223   Thumb Code     0  libshutdown2.o(.ARM.Collect$$libshutdown$$0000000C)
    __rt_entry                               0x08000225   Thumb Code     0  __rtentry.o(.ARM.Collect$$rtentry$$00000000)
    __rt_entry_presh_1                       0x08000225   Thumb Code     0  __rtentry2.o(.ARM.Collect$$rtentry$$00000002)
    __rt_entry_sh                            0x08000225   Thumb Code     0  __rtentry4.o(.ARM.Collect$$rtentry$$00000004)
    __rt_entry_li                            0x0800022b   Thumb Code     0  __rtentry2.o(.ARM.Collect$$rtentry$$0000000A)
    __rt_entry_postsh_1                      0x0800022b   Thumb Code     0  __rtentry2.o(.ARM.Collect$$rtentry$$00000009)
    __rt_entry_main                          0x0800022f   Thumb Code     0  __rtentry2.o(.ARM.Collect$$rtentry$$0000000D)
    __rt_entry_postli_1                      0x0800022f   Thumb Code     0  __rtentry2.o(.ARM.Collect$$rtentry$$0000000C)
    __rt_exit                                0x08000237   Thumb Code     0  rtexit.o(.ARM.Collect$$rtexit$$00000000)
    __rt_exit_ls                             0x08000239   Thumb Code     0  rtexit2.o(.ARM.Collect$$rtexit$$00000003)
    __rt_exit_prels_1                        0x08000239   Thumb Code     0  rtexit2.o(.ARM.Collect$$rtexit$$00000002)
    __rt_exit_exit                           0x0800023d   Thumb Code     0  rtexit2.o(.ARM.Collect$$rtexit$$00000004)
    Reset_Handler                            0x08000245   Thumb Code     8  startup_stm32f40xx.o(.text)
    ADC_IRQHandler                           0x0800025f   Thumb Code     0  startup_stm32f40xx.o(.text)
    CAN1_RX0_IRQHandler                      0x0800025f   Thumb Code     0  startup_stm32f40xx.o(.text)
    CAN1_RX1_IRQHandler                      0x0800025f   Thumb Code     0  startup_stm32f40xx.o(.text)
    CAN1_SCE_IRQHandler                      0x0800025f   Thumb Code     0  startup_stm32f40xx.o(.text)
    CAN1_TX_IRQHandler                       0x0800025f   Thumb Code     0  startup_stm32f40xx.o(.text)
    CAN2_RX0_IRQHandler                      0x0800025f   Thumb Code     0  startup_stm32f40xx.o(.text)
    CAN2_RX1_IRQHandler                      0x0800025f   Thumb Code     0  startup_stm32f40xx.o(.text)
    CAN2_SCE_IRQHandler                      0x0800025f   Thumb Code     0  startup_stm32f40xx.o(.text)
    CAN2_TX_IRQHandler                       0x0800025f   Thumb Code     0  startup_stm32f40xx.o(.text)
    CRYP_IRQHandler                          0x0800025f   Thumb Code     0  startup_stm32f40xx.o(.text)
    DCMI_IRQHandler                          0x0800025f   Thumb Code     0  startup_stm32f40xx.o(.text)
    DMA1_Stream0_IRQHandler                  0x0800025f   Thumb Code     0  startup_stm32f40xx.o(.text)
    DMA1_Stream1_IRQHandler                  0x0800025f   Thumb Code     0  startup_stm32f40xx.o(.text)
    DMA1_Stream2_IRQHandler                  0x0800025f   Thumb Code     0  startup_stm32f40xx.o(.text)
    DMA1_Stream3_IRQHandler                  0x0800025f   Thumb Code     0  startup_stm32f40xx.o(.text)
    DMA1_Stream4_IRQHandler                  0x0800025f   Thumb Code     0  startup_stm32f40xx.o(.text)
    DMA1_Stream6_IRQHandler                  0x0800025f   Thumb Code     0  startup_stm32f40xx.o(.text)
    DMA1_Stream7_IRQHandler                  0x0800025f   Thumb Code     0  startup_stm32f40xx.o(.text)
    DMA2_Stream0_IRQHandler                  0x0800025f   Thumb Code     0  startup_stm32f40xx.o(.text)
    DMA2_Stream1_IRQHandler                  0x0800025f   Thumb Code     0  startup_stm32f40xx.o(.text)
    DMA2_Stream2_IRQHandler                  0x0800025f   Thumb Code     0  startup_stm32f40xx.o(.text)
    DMA2_Stream3_IRQHandler                  0x0800025f   Thumb Code     0  startup_stm32f40xx.o(.text)
    DMA2_Stream4_IRQHandler                  0x0800025f   Thumb Code     0  startup_stm32f40xx.o(.text)
    DMA2_Stream5_IRQHandler                  0x0800025f   Thumb Code     0  startup_stm32f40xx.o(.text)
    DMA2_Stream6_IRQHandler                  0x0800025f   Thumb Code     0  startup_stm32f40xx.o(.text)
    DMA2_Stream7_IRQHandler                  0x0800025f   Thumb Code     0  startup_stm32f40xx.o(.text)
    ETH_IRQHandler                           0x0800025f   Thumb Code     0  startup_stm32f40xx.o(.text)
    ETH_WKUP_IRQHandler                      0x0800025f   Thumb Code     0  startup_stm32f40xx.o(.text)
    EXTI0_IRQHandler                         0x0800025f   Thumb Code     0  startup_stm32f40xx.o(.text)
    EXTI15_10_IRQHandler                     0x0800025f   Thumb Code     0  startup_stm32f40xx.o(.text)
    EXTI1_IRQHandler                         0x0800025f   Thumb Code     0  startup_stm32f40xx.o(.text)
    EXTI2_IRQHandler                         0x0800025f   Thumb Code     0  startup_stm32f40xx.o(.text)
    EXTI3_IRQHandler                         0x0800025f   Thumb Code     0  startup_stm32f40xx.o(.text)
    EXTI4_IRQHandler                         0x0800025f   Thumb Code     0  startup_stm32f40xx.o(.text)
    EXTI9_5_IRQHandler                       0x0800025f   Thumb Code     0  startup_stm32f40xx.o(.text)
    FLASH_IRQHandler                         0x0800025f   Thumb Code     0  startup_stm32f40xx.o(.text)
    FPU_IRQHandler                           0x0800025f   Thumb Code     0  startup_stm32f40xx.o(.text)
    FSMC_IRQHandler                          0x0800025f   Thumb Code     0  startup_stm32f40xx.o(.text)
    HASH_RNG_IRQHandler                      0x0800025f   Thumb Code     0  startup_stm32f40xx.o(.text)
    I2C1_ER_IRQHandler                       0x0800025f   Thumb Code     0  startup_stm32f40xx.o(.text)
    I2C1_EV_IRQHandler                       0x0800025f   Thumb Code     0  startup_stm32f40xx.o(.text)
    I2C2_ER_IRQHandler                       0x0800025f   Thumb Code     0  startup_stm32f40xx.o(.text)
    I2C2_EV_IRQHandler                       0x0800025f   Thumb Code     0  startup_stm32f40xx.o(.text)
    I2C3_ER_IRQHandler                       0x0800025f   Thumb Code     0  startup_stm32f40xx.o(.text)
    I2C3_EV_IRQHandler                       0x0800025f   Thumb Code     0  startup_stm32f40xx.o(.text)
    OTG_FS_IRQHandler                        0x0800025f   Thumb Code     0  startup_stm32f40xx.o(.text)
    OTG_FS_WKUP_IRQHandler                   0x0800025f   Thumb Code     0  startup_stm32f40xx.o(.text)
    OTG_HS_EP1_IN_IRQHandler                 0x0800025f   Thumb Code     0  startup_stm32f40xx.o(.text)
    OTG_HS_EP1_OUT_IRQHandler                0x0800025f   Thumb Code     0  startup_stm32f40xx.o(.text)
    OTG_HS_IRQHandler                        0x0800025f   Thumb Code     0  startup_stm32f40xx.o(.text)
    OTG_HS_WKUP_IRQHandler                   0x0800025f   Thumb Code     0  startup_stm32f40xx.o(.text)
    PVD_IRQHandler                           0x0800025f   Thumb Code     0  startup_stm32f40xx.o(.text)
    RCC_IRQHandler                           0x0800025f   Thumb Code     0  startup_stm32f40xx.o(.text)
    RTC_Alarm_IRQHandler                     0x0800025f   Thumb Code     0  startup_stm32f40xx.o(.text)
    RTC_WKUP_IRQHandler                      0x0800025f   Thumb Code     0  startup_stm32f40xx.o(.text)
    SDIO_IRQHandler                          0x0800025f   Thumb Code     0  startup_stm32f40xx.o(.text)
    SPI1_IRQHandler                          0x0800025f   Thumb Code     0  startup_stm32f40xx.o(.text)
    SPI2_IRQHandler                          0x0800025f   Thumb Code     0  startup_stm32f40xx.o(.text)
    SPI3_IRQHandler                          0x0800025f   Thumb Code     0  startup_stm32f40xx.o(.text)
    TAMP_STAMP_IRQHandler                    0x0800025f   Thumb Code     0  startup_stm32f40xx.o(.text)
    TIM1_BRK_TIM9_IRQHandler                 0x0800025f   Thumb Code     0  startup_stm32f40xx.o(.text)
    TIM1_CC_IRQHandler                       0x0800025f   Thumb Code     0  startup_stm32f40xx.o(.text)
    TIM1_TRG_COM_TIM11_IRQHandler            0x0800025f   Thumb Code     0  startup_stm32f40xx.o(.text)
    TIM1_UP_TIM10_IRQHandler                 0x0800025f   Thumb Code     0  startup_stm32f40xx.o(.text)
    TIM2_IRQHandler                          0x0800025f   Thumb Code     0  startup_stm32f40xx.o(.text)
    TIM3_IRQHandler                          0x0800025f   Thumb Code     0  startup_stm32f40xx.o(.text)
    TIM5_IRQHandler                          0x0800025f   Thumb Code     0  startup_stm32f40xx.o(.text)
    TIM6_DAC_IRQHandler                      0x0800025f   Thumb Code     0  startup_stm32f40xx.o(.text)
    TIM7_IRQHandler                          0x0800025f   Thumb Code     0  startup_stm32f40xx.o(.text)
    TIM8_BRK_TIM12_IRQHandler                0x0800025f   Thumb Code     0  startup_stm32f40xx.o(.text)
    TIM8_CC_IRQHandler                       0x0800025f   Thumb Code     0  startup_stm32f40xx.o(.text)
    TIM8_TRG_COM_TIM14_IRQHandler            0x0800025f   Thumb Code     0  startup_stm32f40xx.o(.text)
    TIM8_UP_TIM13_IRQHandler                 0x0800025f   Thumb Code     0  startup_stm32f40xx.o(.text)
    UART4_IRQHandler                         0x0800025f   Thumb Code     0  startup_stm32f40xx.o(.text)
    UART5_IRQHandler                         0x0800025f   Thumb Code     0  startup_stm32f40xx.o(.text)
    USART1_IRQHandler                        0x0800025f   Thumb Code     0  startup_stm32f40xx.o(.text)
    USART2_IRQHandler                        0x0800025f   Thumb Code     0  startup_stm32f40xx.o(.text)
    USART3_IRQHandler                        0x0800025f   Thumb Code     0  startup_stm32f40xx.o(.text)
    USART6_IRQHandler                        0x0800025f   Thumb Code     0  startup_stm32f40xx.o(.text)
    WWDG_IRQHandler                          0x0800025f   Thumb Code     0  startup_stm32f40xx.o(.text)
    __user_initial_stackheap                 0x08000261   Thumb Code     0  startup_stm32f40xx.o(.text)
    __0sscanf                                0x08000285   Thumb Code    52  __0sscanf.o(.text)
    __aeabi_memcpy4                          0x080002c1   Thumb Code     0  rt_memcpy_w.o(.text)
    __aeabi_memcpy8                          0x080002c1   Thumb Code     0  rt_memcpy_w.o(.text)
    __rt_memcpy_w                            0x080002c1   Thumb Code   100  rt_memcpy_w.o(.text)
    _memcpy_lastbytes_aligned                0x08000309   Thumb Code     0  rt_memcpy_w.o(.text)
    __use_two_region_memory                  0x08000325   Thumb Code     2  heapauxi.o(.text)
    __rt_heap_escrow$2region                 0x08000327   Thumb Code     2  heapauxi.o(.text)
    __rt_heap_expand$2region                 0x08000329   Thumb Code     2  heapauxi.o(.text)
    _scanf_really_real                       0x08000579   Thumb Code   684  scanf_fp.o(.text)
    __vfscanf_char                           0x08000831   Thumb Code    24  scanf_char.o(.text)
    _sgetc                                   0x08000851   Thumb Code    30  _sgetc.o(.text)
    _sbackspace                              0x0800086f   Thumb Code    34  _sgetc.o(.text)
    __rt_locale                              0x08000891   Thumb Code     8  rt_locale_intlibspace.o(.text)
    __aeabi_errno_addr                       0x08000899   Thumb Code     8  rt_errno_addr_intlibspace.o(.text)
    __errno$intlibspace                      0x08000899   Thumb Code     0  rt_errno_addr_intlibspace.o(.text)
    __rt_errno_addr$intlibspace              0x08000899   Thumb Code     0  rt_errno_addr_intlibspace.o(.text)
    isspace                                  0x080008a1   Thumb Code    18  isspace.o(.text)
    __vfscanf                                0x080008b5   Thumb Code   878  _scanf.o(.text)
    _btod_etento                             0x08000c29   Thumb Code   224  bigflt0.o(.text)
    __user_libspace                          0x08000d0d   Thumb Code     8  libspace.o(.text)
    __user_perproc_libspace                  0x08000d0d   Thumb Code     0  libspace.o(.text)
    __user_perthread_libspace                0x08000d0d   Thumb Code     0  libspace.o(.text)
    __user_setup_stackheap                   0x08000d15   Thumb Code    74  sys_stackheap_outer.o(.text)
    __rt_ctype_table                         0x08000d61   Thumb Code    16  rt_ctype_table.o(.text)
    __read_errno                             0x08000d71   Thumb Code    10  _rserrno.o(.text)
    __set_errno                              0x08000d7b   Thumb Code    12  _rserrno.o(.text)
    _scanf_really_hex_real                   0x08000d89   Thumb Code   786  scanf_hexfp.o(.text)
    _scanf_really_infnan                     0x080010a9   Thumb Code   292  scanf_infnan.o(.text)
    exit                                     0x080011dd   Thumb Code    18  exit.o(.text)
    strcmp                                   0x080011f1   Thumb Code   128  strcmpv7m.o(.text)
    __aeabi_llsl                             0x08001271   Thumb Code     0  llshl.o(.text)
    _ll_shift_l                              0x08001271   Thumb Code    38  llshl.o(.text)
    _chval                                   0x08001297   Thumb Code    28  _chval.o(.text)
    _sys_exit                                0x080012b5   Thumb Code     8  sys_exit.o(.text)
    __I$use$semihosting                      0x080012c1   Thumb Code     0  use_no_semi.o(.text)
    __use_no_semihosting_swi                 0x080012c1   Thumb Code     2  use_no_semi.o(.text)
    __btod_div_common                        0x080012c3   Thumb Code   696  btod.o(CL$$btod_div_common)
    __semihosting_library_function           0x080012c3   Thumb Code     0  indicate_semi.o(.text)
    _e2d                                     0x080015fd   Thumb Code   122  btod.o(CL$$btod_e2d)
    _e2e                                     0x08001681   Thumb Code   220  btod.o(CL$$btod_e2e)
    _btod_ediv                               0x0800175d   Thumb Code    42  btod.o(CL$$btod_ediv)
    _btod_edivd                              0x08001787   Thumb Code    42  btod.o(CL$$btod_edivd)
    _btod_emul                               0x080017b1   Thumb Code    42  btod.o(CL$$btod_emul)
    _btod_emuld                              0x080017db   Thumb Code    42  btod.o(CL$$btod_emuld)
    __btod_mult_common                       0x08001805   Thumb Code   580  btod.o(CL$$btod_mult_common)
    BusFault_Handler                         0x08001a49   Thumb Code     4  stm32f4xx_it.o(i.BusFault_Handler)
    DMA1_Stream5_IRQHandler                  0x08001a4d   Thumb Code    46  dma_uart.o(i.DMA1_Stream5_IRQHandler)
    DMA_ClearFlag                            0x08001a91   Thumb Code    38  stm32f4xx_dma.o(i.DMA_ClearFlag)
    DMA_ClearITPendingBit                    0x08001ac5   Thumb Code    38  stm32f4xx_dma.o(i.DMA_ClearITPendingBit)
    DMA_Cmd                                  0x08001af9   Thumb Code    22  stm32f4xx_dma.o(i.DMA_Cmd)
    DMA_ITConfig                             0x08001b0f   Thumb Code    58  stm32f4xx_dma.o(i.DMA_ITConfig)
    DMA_Init                                 0x08001b49   Thumb Code    82  stm32f4xx_dma.o(i.DMA_Init)
    DMA_RxConfig                             0x08001ba1   Thumb Code   114  dma_uart.o(i.DMA_RxConfig)
    DMA_TxConfig                             0x08001c21   Thumb Code    96  dma_uart.o(i.DMA_TxConfig)
    DMA_UartInit                             0x08001c8d   Thumb Code    20  dma_uart.o(i.DMA_UartInit)
    DMA_UartSend                             0x08001ca1   Thumb Code    48  dma_uart.o(i.DMA_UartSend)
    DMA_UartSendRpm                          0x08001cdd   Thumb Code    94  dma_uart.o(i.DMA_UartSendRpm)
    DebugMon_Handler                         0x08001d3b   Thumb Code     2  stm32f4xx_it.o(i.DebugMon_Handler)
    Encoder_Config                           0x08001d3d   Thumb Code   180  encoder.o(i.Encoder_Config)
    GPIO_Init                                0x08001df9   Thumb Code   144  stm32f4xx_gpio.o(i.GPIO_Init)
    GPIO_Init_output                         0x08001e89   Thumb Code    78  pwm.o(i.GPIO_Init_output)
    GPIO_PinAFConfig                         0x08001edd   Thumb Code    70  stm32f4xx_gpio.o(i.GPIO_PinAFConfig)
    HardFault_Handler                        0x08001f23   Thumb Code     4  stm32f4xx_it.o(i.HardFault_Handler)
    MemManage_Handler                        0x08001f27   Thumb Code     4  stm32f4xx_it.o(i.MemManage_Handler)
    NMI_Handler                              0x08001f2b   Thumb Code     2  stm32f4xx_it.o(i.NMI_Handler)
    NVIC_Config                              0x08001f2d   Thumb Code    32  dma_uart.o(i.NVIC_Config)
    NVIC_Init                                0x08001f4d   Thumb Code   106  misc.o(i.NVIC_Init)
    NVIC_PriorityGroupConfig                 0x08001fc5   Thumb Code    10  misc.o(i.NVIC_PriorityGroupConfig)
    PID                                      0x08001fd9   Thumb Code   664  encoder.o(i.PID)
    PWM_Init                                 0x080022e5   Thumb Code    62  pwm.o(i.PWM_Init)
    PWM_config                               0x08002329   Thumb Code    20  pwm.o(i.PWM_config)
    PWM_set_pulse_length_left                0x0800233d   Thumb Code    56  pwm.o(i.PWM_set_pulse_length_left)
    PWM_set_pulse_length_right               0x08002381   Thumb Code    56  pwm.o(i.PWM_set_pulse_length_right)
    PendSV_Handler                           0x080023c5   Thumb Code     2  stm32f4xx_it.o(i.PendSV_Handler)
    RCC_AHB1PeriphClockCmd                   0x080023c9   Thumb Code    26  stm32f4xx_rcc.o(i.RCC_AHB1PeriphClockCmd)
    RCC_APB1PeriphClockCmd                   0x080023e9   Thumb Code    26  stm32f4xx_rcc.o(i.RCC_APB1PeriphClockCmd)
    RCC_APB1PeriphResetCmd                   0x08002409   Thumb Code    26  stm32f4xx_rcc.o(i.RCC_APB1PeriphResetCmd)
    RCC_APB2PeriphResetCmd                   0x08002429   Thumb Code    26  stm32f4xx_rcc.o(i.RCC_APB2PeriphResetCmd)
    RCC_GetClocksFreq                        0x08002449   Thumb Code   440  stm32f4xx_rcc.o(i.RCC_GetClocksFreq)
    SVC_Handler                              0x08002611   Thumb Code     2  stm32f4xx_it.o(i.SVC_Handler)
    SysTick_Handler                          0x08002701   Thumb Code     2  stm32f4xx_it.o(i.SysTick_Handler)
    SystemInit                               0x08002705   Thumb Code    88  system_stm32f4xx.o(i.SystemInit)
    TIM4_IRQHandler                          0x0800276d   Thumb Code   188  encoder.o(i.TIM4_IRQHandler)
    TIMER_Init                               0x08002859   Thumb Code    70  pwm.o(i.TIMER_Init)
    TIM_ClearFlag                            0x080028a9   Thumb Code     6  stm32f4xx_tim.o(i.TIM_ClearFlag)
    TIM_ClearITPendingBit                    0x080028af   Thumb Code     6  stm32f4xx_tim.o(i.TIM_ClearITPendingBit)
    TIM_Cmd                                  0x080028b5   Thumb Code    24  stm32f4xx_tim.o(i.TIM_Cmd)
    TIM_DeInit                               0x080028cd   Thumb Code   346  stm32f4xx_tim.o(i.TIM_DeInit)
    TIM_EncoderInterfaceConfig               0x08002a5d   Thumb Code    66  stm32f4xx_tim.o(i.TIM_EncoderInterfaceConfig)
    TIM_GetITStatus                          0x08002a9f   Thumb Code    34  stm32f4xx_tim.o(i.TIM_GetITStatus)
    TIM_ITConfig                             0x08002ac1   Thumb Code    18  stm32f4xx_tim.o(i.TIM_ITConfig)
    TIM_OC1Init                              0x08002ad5   Thumb Code   114  stm32f4xx_tim.o(i.TIM_OC1Init)
    TIM_OC1PreloadConfig                     0x08002b51   Thumb Code    18  stm32f4xx_tim.o(i.TIM_OC1PreloadConfig)
    TIM_OC2Init                              0x08002b65   Thumb Code   154  stm32f4xx_tim.o(i.TIM_OC2Init)
    TIM_OC2PreloadConfig                     0x08002c09   Thumb Code    26  stm32f4xx_tim.o(i.TIM_OC2PreloadConfig)
    TIM_SetAutoreload                        0x08002c23   Thumb Code     4  stm32f4xx_tim.o(i.TIM_SetAutoreload)
    TIM_TimeBaseInit                         0x08002c29   Thumb Code   104  stm32f4xx_tim.o(i.TIM_TimeBaseInit)
    Timer4_Config                            0x08002cad   Thumb Code   134  encoder.o(i.Timer4_Config)
    UART_Config                              0x08002d45   Thumb Code   144  dma_uart.o(i.UART_Config)
    USART_Cmd                                0x08002ddd   Thumb Code    24  stm32f4xx_usart.o(i.USART_Cmd)
    USART_DMACmd                             0x08002df5   Thumb Code    18  stm32f4xx_usart.o(i.USART_DMACmd)
    USART_Init                               0x08002e09   Thumb Code   204  stm32f4xx_usart.o(i.USART_Init)
    UsageFault_Handler                       0x08002edd   Thumb Code     4  stm32f4xx_it.o(i.UsageFault_Handler)
    __hardfp___mathlib_tofloat               0x08002ee1   Thumb Code   232  narrow.o(i.__hardfp___mathlib_tofloat)
    __hardfp_ldexp                           0x08002fd9   Thumb Code   200  ldexp.o(i.__hardfp_ldexp)
    __mathlib_dbl_overflow                   0x080030a9   Thumb Code    24  dunder.o(i.__mathlib_dbl_overflow)
    __mathlib_dbl_underflow                  0x080030c9   Thumb Code    24  dunder.o(i.__mathlib_dbl_underflow)
    __mathlib_narrow                         0x080030e9   Thumb Code    18  narrow.o(i.__mathlib_narrow)
    __support_ldexp                          0x080030fb   Thumb Code    20  ldexp.o(i.__support_ldexp)
    _is_digit                                0x0800310f   Thumb Code    14  scanf_fp.o(i._is_digit)
    convertData                              0x0800311d   Thumb Code   110  dma_uart.o(i.convertData)
    encoderConfig                            0x08003191   Thumb Code    64  encoder.o(i.encoderConfig)
    frexp                                    0x080031e9   Thumb Code   118  frexp.o(i.frexp)
    getSpeed                                 0x08003275   Thumb Code    30  encoder.o(i.getSpeed)
    getStartBit                              0x080032a1   Thumb Code    10  dma_uart.o(i.getStartBit)
    main                                     0x080032b1   Thumb Code    58  main.o(i.main)
    pidHandle                                0x080032f5   Thumb Code   150  main.o(i.pidHandle)
    resetVariable                            0x080033a5   Thumb Code    42  encoder.o(i.resetVariable)
    startMotor                               0x080033e9   Thumb Code    62  main.o(i.startMotor)
    stopMotor                                0x0800342d   Thumb Code    62  main.o(i.stopMotor)
    stringToFloat                            0x08003485   Thumb Code    42  dma_uart.o(i.stringToFloat)
    _get_lc_numeric                          0x080034b5   Thumb Code    44  lc_numeric_c.o(locale$$code)
    _get_lc_ctype                            0x080034e1   Thumb Code    44  lc_ctype_c.o(locale$$code)
    __aeabi_d2f                              0x0800350d   Thumb Code     0  d2f.o(x$fpl$d2f)
    _d2f                                     0x0800350d   Thumb Code    98  d2f.o(x$fpl$d2f)
    __aeabi_dadd                             0x08003571   Thumb Code     0  daddsub_clz.o(x$fpl$dadd)
    _dadd                                    0x08003571   Thumb Code   332  daddsub_clz.o(x$fpl$dadd)
    __fpl_dcheck_NaN1                        0x080036c1   Thumb Code    10  dcheck1.o(x$fpl$dcheck1)
    __fpl_dcmp_Inf                           0x080036d1   Thumb Code    24  dcmpi.o(x$fpl$dcmpinf)
    __aeabi_ddiv                             0x080036e9   Thumb Code     0  ddiv.o(x$fpl$ddiv)
    _ddiv                                    0x080036e9   Thumb Code   552  ddiv.o(x$fpl$ddiv)
    __aeabi_cdcmpeq                          0x08003999   Thumb Code     0  deqf.o(x$fpl$deqf)
    _dcmpeq                                  0x08003999   Thumb Code   120  deqf.o(x$fpl$deqf)
    __aeabi_d2iz                             0x08003a11   Thumb Code     0  dfix.o(x$fpl$dfix)
    _dfix                                    0x08003a11   Thumb Code    94  dfix.o(x$fpl$dfix)
    __aeabi_i2d                              0x08003a6f   Thumb Code     0  dflt_clz.o(x$fpl$dflt)
    _dflt                                    0x08003a6f   Thumb Code    46  dflt_clz.o(x$fpl$dflt)
    __aeabi_ui2d                             0x08003a9d   Thumb Code     0  dflt_clz.o(x$fpl$dfltu)
    _dfltu                                   0x08003a9d   Thumb Code    38  dflt_clz.o(x$fpl$dfltu)
    __aeabi_cdcmple                          0x08003ac5   Thumb Code     0  dleqf.o(x$fpl$dleqf)
    _dcmple                                  0x08003ac5   Thumb Code   120  dleqf.o(x$fpl$dleqf)
    __fpl_dcmple_InfNaN                      0x08003b27   Thumb Code     0  dleqf.o(x$fpl$dleqf)
    __aeabi_dmul                             0x08003b3d   Thumb Code     0  dmul.o(x$fpl$dmul)
    _dmul                                    0x08003b3d   Thumb Code   332  dmul.o(x$fpl$dmul)
    __fpl_dnaninf                            0x08003c91   Thumb Code   156  dnaninf.o(x$fpl$dnaninf)
    __fpl_dretinf                            0x08003d2d   Thumb Code    12  dretinf.o(x$fpl$dretinf)
    __aeabi_cdrcmple                         0x08003d39   Thumb Code     0  drleqf.o(x$fpl$drleqf)
    _drcmple                                 0x08003d39   Thumb Code   108  drleqf.o(x$fpl$drleqf)
    __aeabi_drsub                            0x08003da5   Thumb Code     0  daddsub_clz.o(x$fpl$drsb)
    _drsb                                    0x08003da5   Thumb Code    22  daddsub_clz.o(x$fpl$drsb)
    __aeabi_dsub                             0x08003dbd   Thumb Code     0  daddsub_clz.o(x$fpl$dsub)
    _dsub                                    0x08003dbd   Thumb Code   464  daddsub_clz.o(x$fpl$dsub)
    __aeabi_f2d                              0x08003f91   Thumb Code     0  f2d.o(x$fpl$f2d)
    _f2d                                     0x08003f91   Thumb Code    86  f2d.o(x$fpl$f2d)
    __fpl_fnaninf                            0x08003fe7   Thumb Code   140  fnaninf.o(x$fpl$fnaninf)
    _fp_init                                 0x08004073   Thumb Code    10  fpinit.o(x$fpl$fpinit)
    __fplib_config_fpu_vfp                   0x0800407b   Thumb Code     0  fpinit.o(x$fpl$fpinit)
    __fplib_config_pureend_doubles           0x0800407b   Thumb Code     0  fpinit.o(x$fpl$fpinit)
    __fpl_fretinf                            0x0800407d   Thumb Code    10  fretinf.o(x$fpl$fretinf)
    __ieee_status                            0x08004087   Thumb Code     6  istatus.o(x$fpl$ieeestatus)
    __fpl_return_NaN                         0x0800408d   Thumb Code   100  retnan.o(x$fpl$retnan)
    __ARM_scalbn                             0x080040f1   Thumb Code    92  scalbn.o(x$fpl$scalbn)
    _scanf_real                              0x0800414d   Thumb Code     4  scanf1.o(x$fpl$scanf1)
    _scanf_hex_real                          0x08004151   Thumb Code     4  scanf2.o(x$fpl$scanf2)
    _scanf_infnan                            0x08004155   Thumb Code     4  scanf2.o(x$fpl$scanf2)
    __fpl_cmpreturn                          0x08004159   Thumb Code    48  trapv.o(x$fpl$trapveneer)
    __I$use$fp                               0x08004188   Number         0  usenofp.o(x$fpl$usenofp)
    Region$$Table$$Base                      0x0800421c   Number         0  anon$$obj.o(Region$$Table)
    Region$$Table$$Limit                     0x0800423c   Number         0  anon$$obj.o(Region$$Table)
    __aeabi_HUGE_VAL                         0x0800423c   Data           0  fpconst.o(c$$dinf)
    __aeabi_HUGE_VALL                        0x0800423c   Data           0  fpconst.o(c$$dinf)
    __aeabi_INFINITY                         0x0800423c   Data           0  fpconst.o(c$$dinf)
    __dInf                                   0x0800423c   Data           0  fpconst.o(c$$dinf)
    __huge_val                               0x0800423c   Data           0  fpconst.o(c$$dinf)
    __dbl_max                                0x08004244   Data           0  fpconst.o(c$$dmax)
    __ctype                                  0x08004275   Data           0  lc_ctype_c.o(locale$$data)
    SystemCoreClock                          0x20000000   Data           4  system_stm32f4xx.o(.data)
    AHBPrescTable                            0x20000004   Data          16  system_stm32f4xx.o(.data)
    v2Prev                                   0x20000018   Data           8  main.o(.data)
    v2Filt                                   0x20000020   Data           8  main.o(.data)
    rcv_flag                                 0x2000002d   Data           1  dma_uart.o(.data)
    speed                                    0x20000078   Data           8  encoder.o(.data)
    counter                                  0x20000080   Data           4  encoder.o(.data)
    mode                                     0x20000084   Data           1  encoder.o(.data)
    Ts                                       0x20000088   Data           4  encoder.o(.data)
    PrescalerValue                           0x2000008c   Data           2  encoder.o(.data)
    pidFlag                                  0x2000008e   Data           1  encoder.o(.data)
    __libspace_start                         0x200000d0   Data          96  libspace.o(.bss)
    __temporary_stack_top$libspace           0x20000130   Data           0  libspace.o(.bss)



==============================================================================

Memory Map of the image

  Image Entry point : 0x08000245

  Load Region LR_1 (Base: 0x08000000, Size: 0x00004418, Max: 0xffffffff, ABSOLUTE)

    Execution Region ER_RO (Exec base: 0x08000000, Load base: 0x08000000, Size: 0x00004378, Max: 0xffffffff, ABSOLUTE)

    Exec Addr    Load Addr    Size         Type   Attr      Idx    E Section Name        Object

    0x08000000   0x08000000   0x00000188   Data   RO          486    RESET               startup_stm32f40xx.o
    0x08000188   0x08000188   0x00000008   Code   RO         1889  * !!!main             c_w.l(__main.o)
    0x08000190   0x08000190   0x00000034   Code   RO         2223    !!!scatter          c_w.l(__scatter.o)
    0x080001c4   0x080001c4   0x0000001a   Code   RO         2225    !!handler_copy      c_w.l(__scatter_copy.o)
    0x080001de   0x080001de   0x00000002   PAD
    0x080001e0   0x080001e0   0x0000001c   Code   RO         2227    !!handler_zi        c_w.l(__scatter_zi.o)
    0x080001fc   0x080001fc   0x00000002   Code   RO         2042    .ARM.Collect$$libinit$$00000000  c_w.l(libinit.o)
    0x080001fe   0x080001fe   0x00000004   Code   RO         2043    .ARM.Collect$$libinit$$00000001  c_w.l(libinit2.o)
    0x08000202   0x08000202   0x00000000   Code   RO         2046    .ARM.Collect$$libinit$$00000004  c_w.l(libinit2.o)
    0x08000202   0x08000202   0x00000000   Code   RO         2049    .ARM.Collect$$libinit$$0000000A  c_w.l(libinit2.o)
    0x08000202   0x08000202   0x00000000   Code   RO         2051    .ARM.Collect$$libinit$$0000000C  c_w.l(libinit2.o)
    0x08000202   0x08000202   0x00000000   Code   RO         2053    .ARM.Collect$$libinit$$0000000E  c_w.l(libinit2.o)
    0x08000202   0x08000202   0x00000006   Code   RO         2054    .ARM.Collect$$libinit$$0000000F  c_w.l(libinit2.o)
    0x08000208   0x08000208   0x00000000   Code   RO         2056    .ARM.Collect$$libinit$$00000011  c_w.l(libinit2.o)
    0x08000208   0x08000208   0x0000000c   Code   RO         2057    .ARM.Collect$$libinit$$00000012  c_w.l(libinit2.o)
    0x08000214   0x08000214   0x00000000   Code   RO         2058    .ARM.Collect$$libinit$$00000013  c_w.l(libinit2.o)
    0x08000214   0x08000214   0x00000000   Code   RO         2060    .ARM.Collect$$libinit$$00000015  c_w.l(libinit2.o)
    0x08000214   0x08000214   0x0000000a   Code   RO         2061    .ARM.Collect$$libinit$$00000016  c_w.l(libinit2.o)
    0x0800021e   0x0800021e   0x00000000   Code   RO         2062    .ARM.Collect$$libinit$$00000017  c_w.l(libinit2.o)
    0x0800021e   0x0800021e   0x00000000   Code   RO         2064    .ARM.Collect$$libinit$$00000019  c_w.l(libinit2.o)
    0x0800021e   0x0800021e   0x00000000   Code   RO         2066    .ARM.Collect$$libinit$$0000001B  c_w.l(libinit2.o)
    0x0800021e   0x0800021e   0x00000000   Code   RO         2068    .ARM.Collect$$libinit$$0000001D  c_w.l(libinit2.o)
    0x0800021e   0x0800021e   0x00000000   Code   RO         2070    .ARM.Collect$$libinit$$0000001F  c_w.l(libinit2.o)
    0x0800021e   0x0800021e   0x00000000   Code   RO         2072    .ARM.Collect$$libinit$$00000021  c_w.l(libinit2.o)
    0x0800021e   0x0800021e   0x00000000   Code   RO         2074    .ARM.Collect$$libinit$$00000023  c_w.l(libinit2.o)
    0x0800021e   0x0800021e   0x00000000   Code   RO         2076    .ARM.Collect$$libinit$$00000025  c_w.l(libinit2.o)
    0x0800021e   0x0800021e   0x00000000   Code   RO         2080    .ARM.Collect$$libinit$$0000002C  c_w.l(libinit2.o)
    0x0800021e   0x0800021e   0x00000000   Code   RO         2082    .ARM.Collect$$libinit$$0000002E  c_w.l(libinit2.o)
    0x0800021e   0x0800021e   0x00000000   Code   RO         2084    .ARM.Collect$$libinit$$00000030  c_w.l(libinit2.o)
    0x0800021e   0x0800021e   0x00000000   Code   RO         2086    .ARM.Collect$$libinit$$00000032  c_w.l(libinit2.o)
    0x0800021e   0x0800021e   0x00000002   Code   RO         2087    .ARM.Collect$$libinit$$00000033  c_w.l(libinit2.o)
    0x08000220   0x08000220   0x00000002   Code   RO         2165    .ARM.Collect$$libshutdown$$00000000  c_w.l(libshutdown.o)
    0x08000222   0x08000222   0x00000000   Code   RO         2178    .ARM.Collect$$libshutdown$$00000002  c_w.l(libshutdown2.o)
    0x08000222   0x08000222   0x00000000   Code   RO         2180    .ARM.Collect$$libshutdown$$00000004  c_w.l(libshutdown2.o)
    0x08000222   0x08000222   0x00000000   Code   RO         2183    .ARM.Collect$$libshutdown$$00000007  c_w.l(libshutdown2.o)
    0x08000222   0x08000222   0x00000000   Code   RO         2186    .ARM.Collect$$libshutdown$$0000000A  c_w.l(libshutdown2.o)
    0x08000222   0x08000222   0x00000000   Code   RO         2188    .ARM.Collect$$libshutdown$$0000000C  c_w.l(libshutdown2.o)
    0x08000222   0x08000222   0x00000000   Code   RO         2191    .ARM.Collect$$libshutdown$$0000000F  c_w.l(libshutdown2.o)
    0x08000222   0x08000222   0x00000002   Code   RO         2192    .ARM.Collect$$libshutdown$$00000010  c_w.l(libshutdown2.o)
    0x08000224   0x08000224   0x00000000   Code   RO         1923    .ARM.Collect$$rtentry$$00000000  c_w.l(__rtentry.o)
    0x08000224   0x08000224   0x00000000   Code   RO         1944    .ARM.Collect$$rtentry$$00000002  c_w.l(__rtentry2.o)
    0x08000224   0x08000224   0x00000006   Code   RO         1956    .ARM.Collect$$rtentry$$00000004  c_w.l(__rtentry4.o)
    0x0800022a   0x0800022a   0x00000000   Code   RO         1946    .ARM.Collect$$rtentry$$00000009  c_w.l(__rtentry2.o)
    0x0800022a   0x0800022a   0x00000004   Code   RO         1947    .ARM.Collect$$rtentry$$0000000A  c_w.l(__rtentry2.o)
    0x0800022e   0x0800022e   0x00000000   Code   RO         1949    .ARM.Collect$$rtentry$$0000000C  c_w.l(__rtentry2.o)
    0x0800022e   0x0800022e   0x00000008   Code   RO         1950    .ARM.Collect$$rtentry$$0000000D  c_w.l(__rtentry2.o)
    0x08000236   0x08000236   0x00000002   Code   RO         2096    .ARM.Collect$$rtexit$$00000000  c_w.l(rtexit.o)
    0x08000238   0x08000238   0x00000000   Code   RO         2126    .ARM.Collect$$rtexit$$00000002  c_w.l(rtexit2.o)
    0x08000238   0x08000238   0x00000004   Code   RO         2127    .ARM.Collect$$rtexit$$00000003  c_w.l(rtexit2.o)
    0x0800023c   0x0800023c   0x00000006   Code   RO         2128    .ARM.Collect$$rtexit$$00000004  c_w.l(rtexit2.o)
    0x08000242   0x08000242   0x00000002   PAD
    0x08000244   0x08000244   0x00000040   Code   RO          487  * .text               startup_stm32f40xx.o
    0x08000284   0x08000284   0x0000003c   Code   RO         1883    .text               c_w.l(__0sscanf.o)
    0x080002c0   0x080002c0   0x00000064   Code   RO         1885    .text               c_w.l(rt_memcpy_w.o)
    0x08000324   0x08000324   0x00000006   Code   RO         1887    .text               c_w.l(heapauxi.o)
    0x0800032a   0x0800032a   0x00000002   PAD
    0x0800032c   0x0800032c   0x000004f8   Code   RO         1924    .text               c_w.l(scanf_fp.o)
    0x08000824   0x08000824   0x0000002c   Code   RO         1928    .text               c_w.l(scanf_char.o)
    0x08000850   0x08000850   0x00000040   Code   RO         1930    .text               c_w.l(_sgetc.o)
    0x08000890   0x08000890   0x00000008   Code   RO         1961    .text               c_w.l(rt_locale_intlibspace.o)
    0x08000898   0x08000898   0x00000008   Code   RO         1966    .text               c_w.l(rt_errno_addr_intlibspace.o)
    0x080008a0   0x080008a0   0x00000012   Code   RO         1968    .text               c_w.l(isspace.o)
    0x080008b2   0x080008b2   0x00000002   PAD
    0x080008b4   0x080008b4   0x00000374   Code   RO         1970    .text               c_w.l(_scanf.o)
    0x08000c28   0x08000c28   0x000000e4   Code   RO         1972    .text               c_w.l(bigflt0.o)
    0x08000d0c   0x08000d0c   0x00000008   Code   RO         2020    .text               c_w.l(libspace.o)
    0x08000d14   0x08000d14   0x0000004a   Code   RO         2023    .text               c_w.l(sys_stackheap_outer.o)
    0x08000d5e   0x08000d5e   0x00000002   PAD
    0x08000d60   0x08000d60   0x00000010   Code   RO         2025    .text               c_w.l(rt_ctype_table.o)
    0x08000d70   0x08000d70   0x00000016   Code   RO         2027    .text               c_w.l(_rserrno.o)
    0x08000d86   0x08000d86   0x00000002   PAD
    0x08000d88   0x08000d88   0x00000320   Code   RO         2029    .text               c_w.l(scanf_hexfp.o)
    0x080010a8   0x080010a8   0x00000134   Code   RO         2031    .text               c_w.l(scanf_infnan.o)
    0x080011dc   0x080011dc   0x00000012   Code   RO         2033    .text               c_w.l(exit.o)
    0x080011ee   0x080011ee   0x00000002   PAD
    0x080011f0   0x080011f0   0x00000080   Code   RO         2035    .text               c_w.l(strcmpv7m.o)
    0x08001270   0x08001270   0x00000026   Code   RO         2098    .text               c_w.l(llshl.o)
    0x08001296   0x08001296   0x0000001c   Code   RO         2100    .text               c_w.l(_chval.o)
    0x080012b2   0x080012b2   0x00000002   PAD
    0x080012b4   0x080012b4   0x0000000c   Code   RO         2155    .text               c_w.l(sys_exit.o)
    0x080012c0   0x080012c0   0x00000002   Code   RO         2168    .text               c_w.l(use_no_semi.o)
    0x080012c2   0x080012c2   0x00000000   Code   RO         2170    .text               c_w.l(indicate_semi.o)
    0x080012c2   0x080012c2   0x00000338   Code   RO         1985    CL$$btod_div_common  c_w.l(btod.o)
    0x080015fa   0x080015fa   0x00000002   PAD
    0x080015fc   0x080015fc   0x00000084   Code   RO         1983    CL$$btod_e2d        c_w.l(btod.o)
    0x08001680   0x08001680   0x000000dc   Code   RO         1982    CL$$btod_e2e        c_w.l(btod.o)
    0x0800175c   0x0800175c   0x0000002a   Code   RO         1979    CL$$btod_ediv       c_w.l(btod.o)
    0x08001786   0x08001786   0x0000002a   Code   RO         1981    CL$$btod_edivd      c_w.l(btod.o)
    0x080017b0   0x080017b0   0x0000002a   Code   RO         1978    CL$$btod_emul       c_w.l(btod.o)
    0x080017da   0x080017da   0x0000002a   Code   RO         1980    CL$$btod_emuld      c_w.l(btod.o)
    0x08001804   0x08001804   0x00000244   Code   RO         1984    CL$$btod_mult_common  c_w.l(btod.o)
    0x08001a48   0x08001a48   0x00000004   Code   RO            4    i.BusFault_Handler  stm32f4xx_it.o
    0x08001a4c   0x08001a4c   0x00000044   Code   RO          276    i.DMA1_Stream5_IRQHandler  dma_uart.o
    0x08001a90   0x08001a90   0x00000034   Code   RO          542    i.DMA_ClearFlag     stm32f4xx_dma.o
    0x08001ac4   0x08001ac4   0x00000034   Code   RO          543    i.DMA_ClearITPendingBit  stm32f4xx_dma.o
    0x08001af8   0x08001af8   0x00000016   Code   RO          544    i.DMA_Cmd           stm32f4xx_dma.o
    0x08001b0e   0x08001b0e   0x0000003a   Code   RO          555    i.DMA_ITConfig      stm32f4xx_dma.o
    0x08001b48   0x08001b48   0x00000058   Code   RO          556    i.DMA_Init          stm32f4xx_dma.o
    0x08001ba0   0x08001ba0   0x00000080   Code   RO          277    i.DMA_RxConfig      dma_uart.o
    0x08001c20   0x08001c20   0x0000006c   Code   RO          278    i.DMA_TxConfig      dma_uart.o
    0x08001c8c   0x08001c8c   0x00000014   Code   RO          279    i.DMA_UartInit      dma_uart.o
    0x08001ca0   0x08001ca0   0x0000003c   Code   RO          280    i.DMA_UartSend      dma_uart.o
    0x08001cdc   0x08001cdc   0x0000005e   Code   RO          281    i.DMA_UartSendRpm   dma_uart.o
    0x08001d3a   0x08001d3a   0x00000002   Code   RO            5    i.DebugMon_Handler  stm32f4xx_it.o
    0x08001d3c   0x08001d3c   0x000000bc   Code   RO          424    i.Encoder_Config    encoder.o
    0x08001df8   0x08001df8   0x00000090   Code   RO          675    i.GPIO_Init         stm32f4xx_gpio.o
    0x08001e88   0x08001e88   0x00000054   Code   RO          368    i.GPIO_Init_output  pwm.o
    0x08001edc   0x08001edc   0x00000046   Code   RO          676    i.GPIO_PinAFConfig  stm32f4xx_gpio.o
    0x08001f22   0x08001f22   0x00000004   Code   RO            6    i.HardFault_Handler  stm32f4xx_it.o
    0x08001f26   0x08001f26   0x00000004   Code   RO            7    i.MemManage_Handler  stm32f4xx_it.o
    0x08001f2a   0x08001f2a   0x00000002   Code   RO            8    i.NMI_Handler       stm32f4xx_it.o
    0x08001f2c   0x08001f2c   0x00000020   Code   RO          282    i.NVIC_Config       dma_uart.o
    0x08001f4c   0x08001f4c   0x00000078   Code   RO          494    i.NVIC_Init         misc.o
    0x08001fc4   0x08001fc4   0x00000014   Code   RO          495    i.NVIC_PriorityGroupConfig  misc.o
    0x08001fd8   0x08001fd8   0x0000030c   Code   RO          425    i.PID               encoder.o
    0x080022e4   0x080022e4   0x00000044   Code   RO          369    i.PWM_Init          pwm.o
    0x08002328   0x08002328   0x00000014   Code   RO          370    i.PWM_config        pwm.o
    0x0800233c   0x0800233c   0x00000044   Code   RO          371    i.PWM_set_pulse_length_left  pwm.o
    0x08002380   0x08002380   0x00000044   Code   RO          372    i.PWM_set_pulse_length_right  pwm.o
    0x080023c4   0x080023c4   0x00000002   Code   RO            9    i.PendSV_Handler    stm32f4xx_it.o
    0x080023c6   0x080023c6   0x00000002   PAD
    0x080023c8   0x080023c8   0x00000020   Code   RO          777    i.RCC_AHB1PeriphClockCmd  stm32f4xx_rcc.o
    0x080023e8   0x080023e8   0x00000020   Code   RO          786    i.RCC_APB1PeriphClockCmd  stm32f4xx_rcc.o
    0x08002408   0x08002408   0x00000020   Code   RO          788    i.RCC_APB1PeriphResetCmd  stm32f4xx_rcc.o
    0x08002428   0x08002428   0x00000020   Code   RO          791    i.RCC_APB2PeriphResetCmd  stm32f4xx_rcc.o
    0x08002448   0x08002448   0x000001c8   Code   RO          801    i.RCC_GetClocksFreq  stm32f4xx_rcc.o
    0x08002610   0x08002610   0x00000002   Code   RO           10    i.SVC_Handler       stm32f4xx_it.o
    0x08002612   0x08002612   0x00000002   PAD
    0x08002614   0x08002614   0x000000ec   Code   RO          180    i.SetSysClock       system_stm32f4xx.o
    0x08002700   0x08002700   0x00000002   Code   RO           11    i.SysTick_Handler   stm32f4xx_it.o
    0x08002702   0x08002702   0x00000002   PAD
    0x08002704   0x08002704   0x00000068   Code   RO          182    i.SystemInit        system_stm32f4xx.o
    0x0800276c   0x0800276c   0x000000ec   Code   RO          426    i.TIM4_IRQHandler   encoder.o
    0x08002858   0x08002858   0x00000050   Code   RO          373    i.TIMER_Init        pwm.o
    0x080028a8   0x080028a8   0x00000006   Code   RO         1328    i.TIM_ClearFlag     stm32f4xx_tim.o
    0x080028ae   0x080028ae   0x00000006   Code   RO         1329    i.TIM_ClearITPendingBit  stm32f4xx_tim.o
    0x080028b4   0x080028b4   0x00000018   Code   RO         1334    i.TIM_Cmd           stm32f4xx_tim.o
    0x080028cc   0x080028cc   0x00000190   Code   RO         1339    i.TIM_DeInit        stm32f4xx_tim.o
    0x08002a5c   0x08002a5c   0x00000042   Code   RO         1343    i.TIM_EncoderInterfaceConfig  stm32f4xx_tim.o
    0x08002a9e   0x08002a9e   0x00000022   Code   RO         1355    i.TIM_GetITStatus   stm32f4xx_tim.o
    0x08002ac0   0x08002ac0   0x00000012   Code   RO         1359    i.TIM_ITConfig      stm32f4xx_tim.o
    0x08002ad2   0x08002ad2   0x00000002   PAD
    0x08002ad4   0x08002ad4   0x0000007c   Code   RO         1363    i.TIM_OC1Init       stm32f4xx_tim.o
    0x08002b50   0x08002b50   0x00000012   Code   RO         1366    i.TIM_OC1PreloadConfig  stm32f4xx_tim.o
    0x08002b62   0x08002b62   0x00000002   PAD
    0x08002b64   0x08002b64   0x000000a4   Code   RO         1368    i.TIM_OC2Init       stm32f4xx_tim.o
    0x08002c08   0x08002c08   0x0000001a   Code   RO         1371    i.TIM_OC2PreloadConfig  stm32f4xx_tim.o
    0x08002c22   0x08002c22   0x00000004   Code   RO         1394    i.TIM_SetAutoreload  stm32f4xx_tim.o
    0x08002c26   0x08002c26   0x00000002   PAD
    0x08002c28   0x08002c28   0x00000084   Code   RO         1406    i.TIM_TimeBaseInit  stm32f4xx_tim.o
    0x08002cac   0x08002cac   0x00000098   Code   RO          427    i.Timer4_Config     encoder.o
    0x08002d44   0x08002d44   0x00000098   Code   RO          283    i.UART_Config       dma_uart.o
    0x08002ddc   0x08002ddc   0x00000018   Code   RO         1130    i.USART_Cmd         stm32f4xx_usart.o
    0x08002df4   0x08002df4   0x00000012   Code   RO         1131    i.USART_DMACmd      stm32f4xx_usart.o
    0x08002e06   0x08002e06   0x00000002   PAD
    0x08002e08   0x08002e08   0x000000d4   Code   RO         1137    i.USART_Init        stm32f4xx_usart.o
    0x08002edc   0x08002edc   0x00000004   Code   RO           12    i.UsageFault_Handler  stm32f4xx_it.o
    0x08002ee0   0x08002ee0   0x000000f8   Code   RO         2012    i.__hardfp___mathlib_tofloat  m_wm.l(narrow.o)
    0x08002fd8   0x08002fd8   0x000000d0   Code   RO         2109    i.__hardfp_ldexp    m_wm.l(ldexp.o)
    0x080030a8   0x080030a8   0x00000020   Code   RO         2142    i.__mathlib_dbl_overflow  m_wm.l(dunder.o)
    0x080030c8   0x080030c8   0x00000020   Code   RO         2144    i.__mathlib_dbl_underflow  m_wm.l(dunder.o)
    0x080030e8   0x080030e8   0x00000012   Code   RO         2013    i.__mathlib_narrow  m_wm.l(narrow.o)
    0x080030fa   0x080030fa   0x00000014   Code   RO         2111    i.__support_ldexp   m_wm.l(ldexp.o)
    0x0800310e   0x0800310e   0x0000000e   Code   RO         1926    i._is_digit         c_w.l(scanf_fp.o)
    0x0800311c   0x0800311c   0x00000074   Code   RO          284    i.convertData       dma_uart.o
    0x08003190   0x08003190   0x00000054   Code   RO          428    i.encoderConfig     encoder.o
    0x080031e4   0x080031e4   0x00000004   PAD
    0x080031e8   0x080031e8   0x0000008c   Code   RO         2092    i.frexp             m_wm.l(frexp.o)
    0x08003274   0x08003274   0x0000002c   Code   RO          429    i.getSpeed          encoder.o
    0x080032a0   0x080032a0   0x00000010   Code   RO          285    i.getStartBit       dma_uart.o
    0x080032b0   0x080032b0   0x00000044   Code   RO          221    i.main              main.o
    0x080032f4   0x080032f4   0x000000b0   Code   RO          222    i.pidHandle         main.o
    0x080033a4   0x080033a4   0x00000044   Code   RO          430    i.resetVariable     encoder.o
    0x080033e8   0x080033e8   0x00000044   Code   RO          223    i.startMotor        main.o
    0x0800342c   0x0800342c   0x00000058   Code   RO          224    i.stopMotor         main.o
    0x08003484   0x08003484   0x00000030   Code   RO          286    i.stringToFloat     dma_uart.o
    0x080034b4   0x080034b4   0x0000002c   Code   RO         1998    locale$$code        c_w.l(lc_numeric_c.o)
    0x080034e0   0x080034e0   0x0000002c   Code   RO         2103    locale$$code        c_w.l(lc_ctype_c.o)
    0x0800350c   0x0800350c   0x00000062   Code   RO         1891    x$fpl$d2f           fz_wm.l(d2f.o)
    0x0800356e   0x0800356e   0x00000002   PAD
    0x08003570   0x08003570   0x00000150   Code   RO         1893    x$fpl$dadd          fz_wm.l(daddsub_clz.o)
    0x080036c0   0x080036c0   0x00000010   Code   RO         2166    x$fpl$dcheck1       fz_wm.l(dcheck1.o)
    0x080036d0   0x080036d0   0x00000018   Code   RO         1932    x$fpl$dcmpinf       fz_wm.l(dcmpi.o)
    0x080036e8   0x080036e8   0x000002b0   Code   RO         1900    x$fpl$ddiv          fz_wm.l(ddiv.o)
    0x08003998   0x08003998   0x00000078   Code   RO         2088    x$fpl$deqf          fz_wm.l(deqf.o)
    0x08003a10   0x08003a10   0x0000005e   Code   RO         1903    x$fpl$dfix          fz_wm.l(dfix.o)
    0x08003a6e   0x08003a6e   0x0000002e   Code   RO         1908    x$fpl$dflt          fz_wm.l(dflt_clz.o)
    0x08003a9c   0x08003a9c   0x00000026   Code   RO         1907    x$fpl$dfltu         fz_wm.l(dflt_clz.o)
    0x08003ac2   0x08003ac2   0x00000002   PAD
    0x08003ac4   0x08003ac4   0x00000078   Code   RO         1913    x$fpl$dleqf         fz_wm.l(dleqf.o)
    0x08003b3c   0x08003b3c   0x00000154   Code   RO         1915    x$fpl$dmul          fz_wm.l(dmul.o)
    0x08003c90   0x08003c90   0x0000009c   Code   RO         1934    x$fpl$dnaninf       fz_wm.l(dnaninf.o)
    0x08003d2c   0x08003d2c   0x0000000c   Code   RO         1936    x$fpl$dretinf       fz_wm.l(dretinf.o)
    0x08003d38   0x08003d38   0x0000006c   Code   RO         1917    x$fpl$drleqf        fz_wm.l(drleqf.o)
    0x08003da4   0x08003da4   0x00000016   Code   RO         1894    x$fpl$drsb          fz_wm.l(daddsub_clz.o)
    0x08003dba   0x08003dba   0x00000002   PAD
    0x08003dbc   0x08003dbc   0x000001d4   Code   RO         1895    x$fpl$dsub          fz_wm.l(daddsub_clz.o)
    0x08003f90   0x08003f90   0x00000056   Code   RO         1919    x$fpl$f2d           fz_wm.l(f2d.o)
    0x08003fe6   0x08003fe6   0x0000008c   Code   RO         1938    x$fpl$fnaninf       fz_wm.l(fnaninf.o)
    0x08004072   0x08004072   0x0000000a   Code   RO         2107    x$fpl$fpinit        fz_wm.l(fpinit.o)
    0x0800407c   0x0800407c   0x0000000a   Code   RO         1940    x$fpl$fretinf       fz_wm.l(fretinf.o)
    0x08004086   0x08004086   0x00000006   Code   RO         2004    x$fpl$ieeestatus    fz_wm.l(istatus.o)
    0x0800408c   0x0800408c   0x00000064   Code   RO         2193    x$fpl$retnan        fz_wm.l(retnan.o)
    0x080040f0   0x080040f0   0x0000005c   Code   RO         2136    x$fpl$scalbn        fz_wm.l(scalbn.o)
    0x0800414c   0x0800414c   0x00000004   Code   RO         1921    x$fpl$scanf1        fz_wm.l(scanf1.o)
    0x08004150   0x08004150   0x00000008   Code   RO         2006    x$fpl$scanf2        fz_wm.l(scanf2.o)
    0x08004158   0x08004158   0x00000030   Code   RO         2199    x$fpl$trapveneer    fz_wm.l(trapv.o)
    0x08004188   0x08004188   0x00000000   Code   RO         1942    x$fpl$usenofp       fz_wm.l(usenofp.o)
    0x08004188   0x08004188   0x00000094   Data   RO         1973    .constdata          c_w.l(bigflt0.o)
    0x0800421c   0x0800421c   0x00000020   Data   RO         2221    Region$$Table       anon$$obj.o
    0x0800423c   0x0800423c   0x00000008   Data   RO         2000    c$$dinf             fz_wm.l(fpconst.o)
    0x08004244   0x08004244   0x00000008   Data   RO         2003    c$$dmax             fz_wm.l(fpconst.o)
    0x0800424c   0x0800424c   0x0000001c   Data   RO         1997    locale$$data        c_w.l(lc_numeric_c.o)
    0x08004268   0x08004268   0x00000110   Data   RO         2102    locale$$data        c_w.l(lc_ctype_c.o)


    Execution Region ER_RW (Exec base: 0x20000000, Load base: 0x08004378, Size: 0x000000a0, Max: 0xffffffff, ABSOLUTE)

    Exec Addr    Load Addr    Size         Type   Attr      Idx    E Section Name        Object

    0x20000000   0x08004378   0x00000014   Data   RW          183    .data               system_stm32f4xx.o
    0x20000014   0x0800438c   0x00000004   PAD
    0x20000018   0x08004390   0x00000010   Data   RW          225    .data               main.o
    0x20000028   0x080043a0   0x00000006   Data   RW          288    .data               dma_uart.o
    0x2000002e   0x080043a6   0x00000002   Data   RW          374    .data               pwm.o
    0x20000030   0x080043a8   0x0000005f   Data   RW          431    .data               encoder.o
    0x2000008f   0x08004407   0x00000010   Data   RW          831    .data               stm32f4xx_rcc.o


    Execution Region ER_ZI (Exec base: 0x200000a0, Load base: 0x08004418, Size: 0x00000690, Max: 0xffffffff, ABSOLUTE)

    Exec Addr    Load Addr    Size         Type   Attr      Idx    E Section Name        Object

    0x200000a0        -       0x00000030   Zero   RW          287    .bss                dma_uart.o
    0x200000d0        -       0x00000060   Zero   RW         2021    .bss                c_w.l(libspace.o)
    0x20000130        -       0x00000200   Zero   RW          485    HEAP                startup_stm32f40xx.o
    0x20000330        -       0x00000400   Zero   RW          484    STACK               startup_stm32f40xx.o


==============================================================================

Image component sizes


      Code (inc. data)   RO Data    RW Data    ZI Data      Debug   Object Name

       842         86          0          6         48       6795   dma_uart.o
      1552        250          0         95          0       4495   encoder.o
       400         68          0         16          0       2972   main.o
       140         24          0          0          0       1959   misc.o
       388         46          0          2          0       3381   pwm.o
        64         26        392          0       1536       1000   startup_stm32f40xx.o
       272         34          0          0          0       5088   stm32f4xx_dma.o
       214          0          0          0          0       2195   stm32f4xx_gpio.o
        26          0          0          0          0     321798   stm32f4xx_it.o
       584         40          0         16          0       6132   stm32f4xx_rcc.o
      1022        102          0          0          0      10822   stm32f4xx_tim.o
       254          8          0          0          0       3208   stm32f4xx_usart.o
       340         32          0         20          0       1821   system_stm32f4xx.o

    ----------------------------------------------------------------------
      6116        720        424        160       1584     371666   Object Totals
         0          0         32          0          0          0   (incl. Generated)
        18          4          0          5          0          0   (incl. Padding)

    ----------------------------------------------------------------------

      Code (inc. data)   RO Data    RW Data    ZI Data      Debug   Library Member Name

        60          8          0          0          0         84   __0sscanf.o
         8          0          0          0          0         68   __main.o
         0          0          0          0          0          0   __rtentry.o
        12          0          0          0          0          0   __rtentry2.o
         6          0          0          0          0          0   __rtentry4.o
        52          8          0          0          0          0   __scatter.o
        26          0          0          0          0          0   __scatter_copy.o
        28          0          0          0          0          0   __scatter_zi.o
        28          0          0          0          0         68   _chval.o
        22          0          0          0          0        100   _rserrno.o
       884          6          0          0          0        100   _scanf.o
        64          0          0          0          0         84   _sgetc.o
       228          4        148          0          0         96   bigflt0.o
      1924        136          0          0          0        756   btod.o
        18          0          0          0          0         80   exit.o
         6          0          0          0          0        152   heapauxi.o
         0          0          0          0          0          0   indicate_semi.o
        18          0          0          0          0         76   isspace.o
        44         10        272          0          0         76   lc_ctype_c.o
        44         10         28          0          0         76   lc_numeric_c.o
         2          0          0          0          0          0   libinit.o
        34          0          0          0          0          0   libinit2.o
         2          0          0          0          0          0   libshutdown.o
         2          0          0          0          0          0   libshutdown2.o
         8          4          0          0         96         68   libspace.o
        38          0          0          0          0         68   llshl.o
        16          4          0          0          0         76   rt_ctype_table.o
         8          4          0          0          0         68   rt_errno_addr_intlibspace.o
         8          4          0          0          0         68   rt_locale_intlibspace.o
       100          0          0          0          0         80   rt_memcpy_w.o
         2          0          0          0          0          0   rtexit.o
        10          0          0          0          0          0   rtexit2.o
        44          8          0          0          0         84   scanf_char.o
      1286         16          0          0          0        236   scanf_fp.o
       800         14          0          0          0        100   scanf_hexfp.o
       308         16          0          0          0        100   scanf_infnan.o
       128          0          0          0          0         68   strcmpv7m.o
        12          4          0          0          0         68   sys_exit.o
        74          0          0          0          0         80   sys_stackheap_outer.o
         2          0          0          0          0         68   use_no_semi.o
        98          4          0          0          0        140   d2f.o
       826         16          0          0          0        492   daddsub_clz.o
        16          4          0          0          0        116   dcheck1.o
        24          0          0          0          0        116   dcmpi.o
       688        140          0          0          0        256   ddiv.o
       120          4          0          0          0        140   deqf.o
        94          4          0          0          0        140   dfix.o
        84          0          0          0          0        232   dflt_clz.o
       120          4          0          0          0        140   dleqf.o
       340         12          0          0          0        152   dmul.o
       156          4          0          0          0        140   dnaninf.o
        12          0          0          0          0        116   dretinf.o
       108          0          0          0          0        128   drleqf.o
        86          4          0          0          0        132   f2d.o
       140          4          0          0          0        132   fnaninf.o
         0          0         16          0          0          0   fpconst.o
        10          0          0          0          0        116   fpinit.o
        10          0          0          0          0        116   fretinf.o
         6          0          0          0          0        116   istatus.o
       100          0          0          0          0        116   retnan.o
        92          0          0          0          0        116   scalbn.o
         4          0          0          0          0        116   scanf1.o
         8          0          0          0          0        132   scanf2.o
        48          0          0          0          0        116   trapv.o
         0          0          0          0          0          0   usenofp.o
        64         16          0          0          0        248   dunder.o
       140         22          0          0          0        132   frexp.o
       228          8          0          0          0        308   ldexp.o
       266         16          0          0          0        308   narrow.o

    ----------------------------------------------------------------------
     10268        520        464          0         96       7560   Library Totals
        24          2          0          0          0          0   (incl. Padding)

    ----------------------------------------------------------------------

      Code (inc. data)   RO Data    RW Data    ZI Data      Debug   Library Name

      6356        256        448          0         96       3048   c_w.l
      3190        200         16          0          0       3516   fz_wm.l
       698         62          0          0          0        996   m_wm.l

    ----------------------------------------------------------------------
     10268        520        464          0         96       7560   Library Totals

    ----------------------------------------------------------------------

==============================================================================


      Code (inc. data)   RO Data    RW Data    ZI Data      Debug   

     16384       1240        888        160       1680     368314   Grand Totals
     16384       1240        888        160       1680     368314   ELF Image Totals
     16384       1240        888        160          0          0   ROM Totals

==============================================================================

    Total RO  Size (Code + RO Data)                17272 (  16.87kB)
    Total RW  Size (RW Data + ZI Data)              1840 (   1.80kB)
    Total ROM Size (Code + RO Data + RW Data)      17432 (  17.02kB)

==============================================================================

