<html>
<body>
<pre>
<h1>µVision Build Log</h1>
<h2>Tool Versions:</h2>
IDE-Version: µVision V5.27.1.0
Copyright (C) 2019 ARM Ltd and ARM Germany GmbH. All rights reserved.
License Information: abc ADMIN, aaa, LIC=76F5U-S65KD-RAADM-XJYWA-J1CVW-HUP2J
 
Tool Versions:
Toolchain:       MDK-ARM Plus  Version: 5.25.2.0
Toolchain Path:  C:\Keil_v5\ARM\ARMCC\Bin
C Compiler:      Armcc.exe V5.06 update 6 (build 750)
Assembler:       Armasm.exe V5.06 update 6 (build 750)
Linker/Locator:  ArmLink.exe V5.06 update 6 (build 750)
Library Manager: ArmAr.exe V5.06 update 6 (build 750)
Hex Converter:   FromElf.exe V5.06 update 6 (build 750)
CPU DLL:         SARMCM3.DLL V5.25.2.0
Dialog DLL:      DCM.DLL V1.17.1.0
Target DLL:      STLink\ST-LINKIII-KEIL_SWO.dll V3.0.1.0
Dialog DLL:      TCM.DLL V1.35.1.0
 
<h2>Project:</h2>
C:\Users\ADMIN\Desktop\BTL_CHUONG4\BTL_Nhom8\template.uvprojx
Project File Date:  12/15/2022

<h2>Output:</h2>
*** Using Compiler 'V5.06 update 6 (build 750)', folder: 'C:\Keil_v5\ARM\ARMCC\Bin'
Rebuild target 'dc_motor'
assembling startup_stm32f40xx.s...
compiling misc.c...
compiling system_stm32f4xx.c...
compiling main.c...
compiling pwm.c...
compiling stm32f4xx_it.c...
compiling Encoder.c...
compiling stm32f4xx_gpio.c...
compiling stm32f4xx_dma.c...
compiling dma_uart.c...
compiling stm32f4xx_usart.c...
compiling stm32f4xx_rcc.c...
compiling stm32f4xx_tim.c...
linking...
Program Size: Code=16384 RO-data=888 RW-data=160 ZI-data=1680  
FromELF: creating hex file...
".\Objects\dc_motor.axf" - 0 Error(s), 0 Warning(s).

<h2>Software Packages used:</h2>

Package Vendor: Keil
                http://www.keil.com/pack/Keil.STM32F4xx_DFP.2.16.0.pack
                Keil.STM32F4xx_DFP.2.16.0
                STMicroelectronics STM32F4 Series Device Support, Drivers and Examples

<h2>Collection of Component include folders:</h2>
  .\RTE\_dc_motor
  C:\Keil_v5\ARM\PACK\Keil\STM32F4xx_DFP\2.16.0\Drivers\CMSIS\Device\ST\STM32F4xx\Include

<h2>Collection of Component Files used:</h2>
Build Time Elapsed:  00:00:02
</pre>
</body>
</html>
